"/eda/ace/libraries/speedster7t/speedster7t_user_macros.sv"
"/mnt/d/Achronix/reference_design/noc_fpga_ref_design/Speedster7t_2D_noc_ref_design_RD22/ac7t1500/src/rtl/default_nettype.v"
"/mnt/d/Achronix/reference_design/noc_fpga_ref_design/Speedster7t_2D_noc_ref_design_RD22/ac7t1500/src/rtl/reset_processor_v2.sv"
"/mnt/d/Achronix/reference_design/noc_fpga_ref_design/Speedster7t_2D_noc_ref_design_RD22/ac7t1500/src/rtl/random_seq_engine.sv"
"/mnt/d/Achronix/reference_design/noc_fpga_ref_design/Speedster7t_2D_noc_ref_design_RD22/ac7t1500/src/rtl/nap_horizontal_wrapper.sv"
"/mnt/d/Achronix/reference_design/noc_fpga_ref_design/Speedster7t_2D_noc_ref_design_RD22/ac7t1500/src/include/nap_interfaces.svh"
"/mnt/d/Achronix/reference_design/noc_fpga_ref_design/Speedster7t_2D_noc_ref_design_RD22/ac7t1500/src/rtl/nap_vertical_wrapper.sv"
"/mnt/d/Achronix/reference_design/noc_fpga_ref_design/Speedster7t_2D_noc_ref_design_RD22/ac7t1500/src/include/nap_interfaces.svh"
"/mnt/d/Achronix/reference_design/noc_fpga_ref_design/Speedster7t_2D_noc_ref_design_RD22/ac7t1500/src/rtl/nap_slave_wrapper.sv"
"/mnt/d/Achronix/reference_design/noc_fpga_ref_design/Speedster7t_2D_noc_ref_design_RD22/ac7t1500/src/include/nap_interfaces.svh"
"/mnt/d/Achronix/reference_design/noc_fpga_ref_design/Speedster7t_2D_noc_ref_design_RD22/ac7t1500/src/rtl/nap_master_wrapper.sv"
"/mnt/d/Achronix/reference_design/noc_fpga_ref_design/Speedster7t_2D_noc_ref_design_RD22/ac7t1500/src/include/nap_interfaces.svh"
"/mnt/d/Achronix/reference_design/noc_fpga_ref_design/Speedster7t_2D_noc_ref_design_RD22/ac7t1500/src/rtl/data_stream_pkt_gen.sv"
"/mnt/d/Achronix/reference_design/noc_fpga_ref_design/Speedster7t_2D_noc_ref_design_RD22/ac7t1500/src/include/nap_interfaces.svh"
"/mnt/d/Achronix/reference_design/noc_fpga_ref_design/Speedster7t_2D_noc_ref_design_RD22/ac7t1500/src/rtl/data_stream_pkt_chk.sv"
"/mnt/d/Achronix/reference_design/noc_fpga_ref_design/Speedster7t_2D_noc_ref_design_RD22/ac7t1500/src/include/nap_interfaces.svh"
"/mnt/d/Achronix/reference_design/noc_fpga_ref_design/Speedster7t_2D_noc_ref_design_RD22/ac7t1500/src/rtl/axi_pkt_gen.sv"
"/mnt/d/Achronix/reference_design/noc_fpga_ref_design/Speedster7t_2D_noc_ref_design_RD22/ac7t1500/src/include/nap_interfaces.svh"
"/mnt/d/Achronix/reference_design/noc_fpga_ref_design/Speedster7t_2D_noc_ref_design_RD22/ac7t1500/src/rtl/axi_pkt_chk.sv"
"/mnt/d/Achronix/reference_design/noc_fpga_ref_design/Speedster7t_2D_noc_ref_design_RD22/ac7t1500/src/include/nap_interfaces.svh"
"/mnt/d/Achronix/reference_design/noc_fpga_ref_design/Speedster7t_2D_noc_ref_design_RD22/ac7t1500/src/rtl/axi_bram_responder.sv"
"/mnt/d/Achronix/reference_design/noc_fpga_ref_design/Speedster7t_2D_noc_ref_design_RD22/ac7t1500/src/include/nap_interfaces.svh"
"/mnt/d/Achronix/reference_design/noc_fpga_ref_design/Speedster7t_2D_noc_ref_design_RD22/ac7t1500/src/rtl/shift_reg.sv"
"/mnt/d/Achronix/reference_design/noc_fpga_ref_design/Speedster7t_2D_noc_ref_design_RD22/ac7t1500/src/rtl/reg_control_block.sv"
"/mnt/d/Achronix/reference_design/noc_fpga_ref_design/Speedster7t_2D_noc_ref_design_RD22/ac7t1500/src/include/nap_interfaces.svh"
"/mnt/d/Achronix/reference_design/noc_fpga_ref_design/Speedster7t_2D_noc_ref_design_RD22/ac7t1500/src/include/reg_control_defines.svh"
"/mnt/d/Achronix/reference_design/noc_fpga_ref_design/Speedster7t_2D_noc_ref_design_RD22/ac7t1500/src/include/version_defines.svh"
"/mnt/d/Achronix/reference_design/noc_fpga_ref_design/Speedster7t_2D_noc_ref_design_RD22/ac7t1500/src/rtl/noc_2d_ref_design_top.sv"
"/mnt/d/Achronix/reference_design/noc_fpga_ref_design/Speedster7t_2D_noc_ref_design_RD22/ac7t1500/src/include/nap_interfaces.svh"
"/mnt/d/Achronix/reference_design/noc_fpga_ref_design/Speedster7t_2D_noc_ref_design_RD22/ac7t1500/src/include/reg_control_defines.svh"
"/mnt/d/Achronix/reference_design/noc_fpga_ref_design/Speedster7t_2D_noc_ref_design_RD22/ac7t1500/src/include/vectorpath_rev1_port_list.svh"
