
		#####  BEGIN RETIMING REPORT  #####

Retiming summary : 416 registers retimed to 1680

Original and Pipelined registers replaced by retiming :
		continuous_test
		data_enable
		data_match_stg1_0_mod_0[0]
		data_match_stg1_0_mod_0[0]
		data_match_stg1_0_mod_2[0]
		data_match_stg1_0_mod_3[0]
		data_match_stg1_0_mod_5[0]
		data_match_stg1_0_mod_6[0]
		data_match_stg1_0_mod_7[0]
		data_match_stg1_0_mod_8[0]
		data_match_stg1_0_mod_12[0]
		data_match_stg1_0_mod_15[0]
		data_match_stg1_0_mod_15[0]
		fail_low_carry
		fail_low_carry
		gen_first_value
		gen_state[0]
		gen_state[1]
		i_axi_pkt_chk.data_match
		i_axi_pkt_chk.pkt_compared
		i_reg_control_block.axi_master_if\.arready
		i_reg_control_block.axi_master_if\.bid[0]
		i_reg_control_block.axi_master_if\.bid[1]
		i_reg_control_block.axi_master_if\.bid[2]
		i_reg_control_block.axi_master_if\.bid[3]
		i_reg_control_block.axi_master_if\.bid[4]
		i_reg_control_block.axi_master_if\.bid[5]
		i_reg_control_block.axi_master_if\.bid[6]
		i_reg_control_block.axi_master_if\.bid[7]
		i_reg_control_block.axi_master_if\.bvalid
		i_reg_control_block.axi_master_if\.rid[0]
		i_reg_control_block.axi_master_if\.rid[1]
		i_reg_control_block.axi_master_if\.rid[2]
		i_reg_control_block.axi_master_if\.rid[3]
		i_reg_control_block.axi_master_if\.rid[4]
		i_reg_control_block.axi_master_if\.rid[5]
		i_reg_control_block.axi_master_if\.rid[6]
		i_reg_control_block.axi_master_if\.rid[7]
		i_reg_control_block.axi_master_if\.rlast
		i_reg_control_block.axi_master_if\.rvalid
		i_reg_control_block.axi_master_if\.wready
		i_reg_control_block.axi_state[0]
		i_reg_control_block.axi_state[1]
		i_reg_control_block.axi_state[2]
		i_reg_control_block.axi_state[3]
		i_reg_control_block.axi_state[4]
		i_reg_control_block.gb_decode\.axi_master_if\.bresp[1]
		i_reg_control_block.gb_decode\.axi_master_if\.rresp[1]
		i_reg_control_block.gb_decode\.reg_rd_data[0]
		i_reg_control_block.gb_decode\.reg_rd_data[1]
		i_reg_control_block.gb_decode\.reg_rd_data[2]
		i_reg_control_block.gb_decode\.reg_rd_data[3]
		i_reg_control_block.gb_decode\.reg_rd_data[4]
		i_reg_control_block.gb_decode\.reg_rd_data[5]
		i_reg_control_block.gb_decode\.reg_rd_data[6]
		i_reg_control_block.gb_decode\.reg_rd_data[7]
		i_reg_control_block.gb_decode\.reg_rd_data[8]
		i_reg_control_block.gb_decode\.reg_rd_data[9]
		i_reg_control_block.gb_decode\.reg_rd_data[10]
		i_reg_control_block.gb_decode\.reg_rd_data[11]
		i_reg_control_block.gb_decode\.reg_rd_data[12]
		i_reg_control_block.gb_decode\.reg_rd_data[13]
		i_reg_control_block.gb_decode\.reg_rd_data[14]
		i_reg_control_block.gb_decode\.reg_rd_data[15]
		i_reg_control_block.gb_decode\.reg_rd_data[16]
		i_reg_control_block.gb_decode\.reg_rd_data[17]
		i_reg_control_block.gb_decode\.reg_rd_data[18]
		i_reg_control_block.gb_decode\.reg_rd_data[19]
		i_reg_control_block.gb_decode\.reg_rd_data[20]
		i_reg_control_block.gb_decode\.reg_rd_data[21]
		i_reg_control_block.gb_decode\.reg_rd_data[22]
		i_reg_control_block.gb_decode\.reg_rd_data[23]
		i_reg_control_block.gb_decode\.reg_rd_data[24]
		i_reg_control_block.gb_decode\.reg_rd_data[25]
		i_reg_control_block.gb_decode\.reg_rd_data[26]
		i_reg_control_block.gb_decode\.reg_rd_data[27]
		i_reg_control_block.gb_decode\.reg_rd_data[28]
		i_reg_control_block.gb_decode\.reg_rd_data[29]
		i_reg_control_block.gb_decode\.reg_rd_data[30]
		i_reg_control_block.gb_decode\.reg_rd_data[31]
		i_reg_control_block.gb_decode\.write_addr_sel[0]
		i_reg_control_block.gb_decode\.write_addr_sel[1]
		i_reg_control_block.gb_decode\.write_addr_sel[2]
		i_reg_control_block.gb_decode\.write_addr_sel[3]
		i_reg_control_block.gb_decode\.write_addr_sel[4]
		i_reg_control_block.gb_decode\.write_addr_sel[5]
		i_reg_control_block.gb_decode\.write_addr_sel[6]
		i_reg_control_block.gb_decode\.write_addr_sel[7]
		i_reg_control_block.gb_decode\.write_addr_sel[8]
		i_reg_control_block.gb_decode\.write_addr_sel[9]
		i_reg_control_block.new_write
		i_reg_control_block.reg_addr[0]
		i_reg_control_block.reg_addr[1]
		i_reg_control_block.reg_addr[2]
		i_reg_control_block.reg_addr[3]
		i_reg_control_block.reg_addr[4]
		i_reg_control_block.reg_addr[5]
		i_reg_control_block.reg_addr[6]
		i_reg_control_block.reg_addr[7]
		i_reg_control_block.reg_addr[8]
		i_reg_control_block.reg_addr[9]
		i_reg_control_block.reg_addr[10]
		i_reg_control_block.reg_addr[11]
		i_reg_control_block.reg_addr[12]
		i_reg_control_block.reg_addr[13]
		i_reg_control_block.reg_addr[14]
		i_reg_control_block.reg_addr[15]
		i_reg_control_block.reg_addr[16]
		i_reg_control_block.reg_addr[17]
		i_reg_control_block.reg_addr[18]
		i_reg_control_block.reg_addr[19]
		i_reg_control_block.reg_addr[20]
		i_reg_control_block.reg_addr[21]
		i_reg_control_block.reg_addr[22]
		i_reg_control_block.reg_addr[23]
		i_reg_control_block.reg_addr[24]
		i_reg_control_block.reg_addr[25]
		i_reg_control_block.reg_addr[26]
		i_reg_control_block.reg_addr[27]
		if_data_stream\.data[0]
		if_data_stream\.data[1]
		if_data_stream\.data[2]
		if_data_stream\.data[3]
		if_data_stream\.data[4]
		if_data_stream\.data[5]
		if_data_stream\.data[6]
		if_data_stream\.data[7]
		if_data_stream\.data[8]
		if_data_stream\.data[9]
		if_data_stream\.data[10]
		if_data_stream\.data[11]
		if_data_stream\.data[12]
		if_data_stream\.data[13]
		if_data_stream\.data[14]
		if_data_stream\.data[15]
		if_data_stream\.data[16]
		if_data_stream\.data[17]
		if_data_stream\.data[18]
		if_data_stream\.data[19]
		if_data_stream\.data[20]
		if_data_stream\.data[21]
		if_data_stream\.data[22]
		if_data_stream\.data[23]
		if_data_stream\.data[24]
		if_data_stream\.data[25]
		if_data_stream\.data[26]
		if_data_stream\.data[27]
		if_data_stream\.data[28]
		if_data_stream\.data[29]
		if_data_stream\.data[30]
		if_data_stream\.data[31]
		if_data_stream\.data[32]
		if_data_stream\.data[33]
		if_data_stream\.data[34]
		if_data_stream\.data[35]
		if_data_stream\.data[36]
		if_data_stream\.data[37]
		if_data_stream\.data[38]
		if_data_stream\.data[39]
		if_data_stream\.data[40]
		if_data_stream\.data[41]
		if_data_stream\.data[42]
		if_data_stream\.data[43]
		if_data_stream\.data[44]
		if_data_stream\.data[45]
		if_data_stream\.data[46]
		if_data_stream\.data[47]
		if_data_stream\.data[48]
		if_data_stream\.data[49]
		if_data_stream\.data[50]
		if_data_stream\.data[51]
		if_data_stream\.data[52]
		if_data_stream\.data[53]
		if_data_stream\.data[54]
		if_data_stream\.data[55]
		if_data_stream\.data[56]
		if_data_stream\.data[57]
		if_data_stream\.data[58]
		if_data_stream\.data[59]
		if_data_stream\.data[60]
		if_data_stream\.data[61]
		if_data_stream\.data[62]
		if_data_stream\.data[63]
		if_data_stream\.data[64]
		if_data_stream\.data[65]
		if_data_stream\.data[66]
		if_data_stream\.data[67]
		if_data_stream\.data[68]
		if_data_stream\.data[69]
		if_data_stream\.data[70]
		if_data_stream\.data[71]
		if_data_stream\.data[72]
		if_data_stream\.data[73]
		if_data_stream\.data[74]
		if_data_stream\.data[75]
		if_data_stream\.data[76]
		if_data_stream\.data[77]
		if_data_stream\.data[78]
		if_data_stream\.data[79]
		if_data_stream\.data[80]
		if_data_stream\.data[81]
		if_data_stream\.data[82]
		if_data_stream\.data[83]
		if_data_stream\.data[84]
		if_data_stream\.data[85]
		if_data_stream\.data[86]
		if_data_stream\.data[87]
		if_data_stream\.data[88]
		if_data_stream\.data[89]
		if_data_stream\.data[90]
		if_data_stream\.data[91]
		if_data_stream\.data[92]
		if_data_stream\.data[93]
		if_data_stream\.data[94]
		if_data_stream\.data[95]
		if_data_stream\.data[96]
		if_data_stream\.data[97]
		if_data_stream\.data[98]
		if_data_stream\.data[99]
		if_data_stream\.data[100]
		if_data_stream\.data[101]
		if_data_stream\.data[102]
		if_data_stream\.data[103]
		if_data_stream\.data[104]
		if_data_stream\.data[105]
		if_data_stream\.data[106]
		if_data_stream\.data[107]
		if_data_stream\.data[108]
		if_data_stream\.data[109]
		if_data_stream\.data[110]
		if_data_stream\.data[111]
		if_data_stream\.data[112]
		if_data_stream\.data[113]
		if_data_stream\.data[114]
		if_data_stream\.data[115]
		if_data_stream\.data[116]
		if_data_stream\.data[117]
		if_data_stream\.data[118]
		if_data_stream\.data[119]
		if_data_stream\.data[120]
		if_data_stream\.data[121]
		if_data_stream\.data[122]
		if_data_stream\.data[123]
		if_data_stream\.data[124]
		if_data_stream\.data[125]
		if_data_stream\.data[126]
		if_data_stream\.data[127]
		if_data_stream\.data[128]
		if_data_stream\.data[129]
		if_data_stream\.data[130]
		if_data_stream\.data[131]
		if_data_stream\.data[132]
		if_data_stream\.data[133]
		if_data_stream\.data[134]
		if_data_stream\.data[135]
		if_data_stream\.data[136]
		if_data_stream\.data[137]
		if_data_stream\.data[138]
		if_data_stream\.data[139]
		if_data_stream\.data[140]
		if_data_stream\.data[141]
		if_data_stream\.data[142]
		if_data_stream\.data[143]
		if_data_stream\.data[144]
		if_data_stream\.data[145]
		if_data_stream\.data[146]
		if_data_stream\.data[147]
		if_data_stream\.data[148]
		if_data_stream\.data[149]
		if_data_stream\.data[150]
		if_data_stream\.data[151]
		if_data_stream\.data[152]
		if_data_stream\.data[153]
		if_data_stream\.data[154]
		if_data_stream\.data[155]
		if_data_stream\.data[156]
		if_data_stream\.data[157]
		if_data_stream\.data[158]
		if_data_stream\.data[159]
		if_data_stream\.data[160]
		if_data_stream\.data[161]
		if_data_stream\.data[162]
		if_data_stream\.data[163]
		if_data_stream\.data[164]
		if_data_stream\.data[165]
		if_data_stream\.data[166]
		if_data_stream\.data[167]
		if_data_stream\.data[168]
		if_data_stream\.data[169]
		if_data_stream\.data[170]
		if_data_stream\.data[171]
		if_data_stream\.data[172]
		if_data_stream\.data[173]
		if_data_stream\.data[174]
		if_data_stream\.data[175]
		if_data_stream\.data[176]
		if_data_stream\.data[177]
		if_data_stream\.data[178]
		if_data_stream\.data[179]
		if_data_stream\.data[180]
		if_data_stream\.data[181]
		if_data_stream\.data[182]
		if_data_stream\.data[183]
		if_data_stream\.data[184]
		if_data_stream\.data[185]
		if_data_stream\.data[186]
		if_data_stream\.data[187]
		if_data_stream\.data[188]
		if_data_stream\.data[189]
		if_data_stream\.data[190]
		if_data_stream\.data[191]
		if_data_stream\.data[192]
		if_data_stream\.data[193]
		if_data_stream\.data[194]
		if_data_stream\.data[195]
		if_data_stream\.data[196]
		if_data_stream\.data[197]
		if_data_stream\.data[198]
		if_data_stream\.data[199]
		if_data_stream\.data[200]
		if_data_stream\.data[201]
		if_data_stream\.data[202]
		if_data_stream\.data[203]
		if_data_stream\.data[204]
		if_data_stream\.data[205]
		if_data_stream\.data[206]
		if_data_stream\.data[207]
		if_data_stream\.data[208]
		if_data_stream\.data[209]
		if_data_stream\.data[210]
		if_data_stream\.data[211]
		if_data_stream\.data[212]
		if_data_stream\.data[213]
		if_data_stream\.data[214]
		if_data_stream\.data[215]
		if_data_stream\.data[216]
		if_data_stream\.data[217]
		if_data_stream\.data[218]
		if_data_stream\.data[219]
		if_data_stream\.data[220]
		if_data_stream\.data[221]
		if_data_stream\.data[222]
		if_data_stream\.data[223]
		if_data_stream\.data[224]
		if_data_stream\.data[225]
		if_data_stream\.data[226]
		if_data_stream\.data[227]
		if_data_stream\.data[228]
		if_data_stream\.data[229]
		if_data_stream\.data[230]
		if_data_stream\.data[231]
		if_data_stream\.data[232]
		if_data_stream\.data[233]
		if_data_stream\.data[234]
		if_data_stream\.data[235]
		if_data_stream\.data[236]
		if_data_stream\.data[237]
		if_data_stream\.data[238]
		if_data_stream\.data[239]
		if_data_stream\.data[240]
		if_data_stream\.data[241]
		if_data_stream\.data[242]
		if_data_stream\.data[243]
		if_data_stream\.data[244]
		if_data_stream\.data[245]
		if_data_stream\.data[246]
		if_data_stream\.data[247]
		if_data_stream\.data[248]
		if_data_stream\.data[249]
		if_data_stream\.data[250]
		if_data_stream\.data[251]
		if_data_stream\.data[252]
		if_data_stream\.data[253]
		if_data_stream\.data[254]
		if_data_stream\.data[255]
		if_data_stream\.data[256]
		if_data_stream\.data[257]
		if_data_stream\.data[258]
		if_data_stream\.data[259]
		if_data_stream\.data[260]
		if_data_stream\.data[261]
		if_data_stream\.data[262]
		if_data_stream\.data[263]
		if_data_stream\.data[264]
		if_data_stream\.data[265]
		if_data_stream\.data[266]
		if_data_stream\.data[267]
		if_data_stream\.data[268]
		if_data_stream\.data[269]
		if_data_stream\.data[270]
		if_data_stream\.data[271]
		if_data_stream\.data[272]
		if_data_stream\.data[273]
		if_data_stream\.data[274]
		if_data_stream\.data[275]
		if_data_stream\.data[276]
		if_data_stream\.data[277]
		if_data_stream\.data[278]
		if_data_stream\.data[279]
		if_data_stream\.data[280]
		if_data_stream\.data[281]
		if_data_stream\.data[282]
		if_data_stream\.data[283]
		if_data_stream\.data[284]
		if_data_stream\.data[285]
		if_data_stream\.data[286]
		if_data_stream\.data[287]
		if_data_stream\.valid
		match_low_carry
		match_low_carry
		pkt_error
		pkt_error
		pkt_error_pipe[0]
		pkt_error_pipe[0]
		total_low_carry
		total_low_carry

New registers created by retiming :
		continuous_test_ret
		i_axi_pkt_chk.data_match_ret
		i_axi_pkt_chk.data_match_ret_1
		i_axi_pkt_chk.data_match_ret_2
		i_axi_pkt_chk.data_match_ret_3
		i_ds_col_pkt_chk.data_match_stg1_0_mod_0_ret
		i_ds_col_pkt_chk.data_match_stg1_0_mod_0_ret_1
		i_ds_col_pkt_chk.data_match_stg1_0_mod_0_ret_2
		i_ds_col_pkt_chk.data_match_stg1_0_mod_0_ret_3
		i_ds_col_pkt_chk.data_match_stg1_0_mod_2_ret
		i_ds_col_pkt_chk.data_match_stg1_0_mod_2_ret_1
		i_ds_col_pkt_chk.data_match_stg1_0_mod_2_ret_2
		i_ds_col_pkt_chk.data_match_stg1_0_mod_2_ret_3
		i_ds_col_pkt_chk.data_match_stg1_0_mod_5_ret
		i_ds_col_pkt_chk.data_match_stg1_0_mod_5_ret_1
		i_ds_col_pkt_chk.data_match_stg1_0_mod_5_ret_2
		i_ds_col_pkt_chk.data_match_stg1_0_mod_5_ret_3
		i_ds_col_pkt_chk.data_match_stg1_0_mod_7_ret
		i_ds_col_pkt_chk.data_match_stg1_0_mod_7_ret_1
		i_ds_col_pkt_chk.data_match_stg1_0_mod_7_ret_2
		i_ds_col_pkt_chk.data_match_stg1_0_mod_7_ret_3
		i_ds_col_pkt_chk.data_match_stg1_0_mod_12_ret
		i_ds_col_pkt_chk.data_match_stg1_0_mod_12_ret_1
		i_ds_col_pkt_chk.data_match_stg1_0_mod_12_ret_2
		i_ds_col_pkt_chk.data_match_stg1_0_mod_12_ret_3
		i_ds_col_pkt_chk.data_match_stg1_0_mod_15_ret
		i_ds_col_pkt_chk.data_match_stg1_0_mod_15_ret_1
		i_ds_col_pkt_chk.data_match_stg1_0_mod_15_ret_2
		i_ds_col_pkt_chk.data_match_stg1_0_mod_15_ret_3
		i_ds_col_pkt_chk.data_match_stg1_0_mod_15_ret_4
		i_ds_col_pkt_chk.data_match_stg1_0_mod_15_ret_5
		i_ds_col_pkt_chk.fail_low_carry_ret
		i_ds_col_pkt_chk.fail_low_carry_ret_1
		i_ds_col_pkt_chk.fail_low_carry_ret_2
		i_ds_col_pkt_chk.fail_low_carry_ret_3
		i_ds_col_pkt_chk.fail_low_carry_ret_4
		i_ds_col_pkt_chk.fail_low_carry_ret_5
		i_ds_col_pkt_chk.match_low_carry_ret
		i_ds_col_pkt_chk.match_low_carry_ret_1
		i_ds_col_pkt_chk.match_low_carry_ret_2
		i_ds_col_pkt_chk.match_low_carry_ret_3
		i_ds_col_pkt_chk.match_low_carry_ret_4
		i_ds_col_pkt_chk.match_low_carry_ret_5
		i_ds_col_pkt_chk.pkt_error_pipe_ret
		i_ds_col_pkt_chk.pkt_error_pipe_ret_1
		i_ds_col_pkt_chk.pkt_error_pipe_ret_2
		i_ds_col_pkt_chk.pkt_error_pipe_ret_3
		i_ds_col_pkt_chk.pkt_error_ret
		i_ds_col_pkt_chk.pkt_error_ret_0
		i_ds_col_pkt_chk.pkt_error_ret_1
		i_ds_col_pkt_chk.pkt_error_ret_2
		i_ds_col_pkt_chk.pkt_error_ret_3
		i_ds_col_pkt_chk.pkt_error_ret_4
		i_ds_col_pkt_chk.pkt_error_ret_5
		i_ds_col_pkt_chk.pkt_error_ret_6
		i_ds_col_pkt_chk.pkt_error_ret_7
		i_ds_col_pkt_chk.pkt_error_ret_8
		i_ds_col_pkt_chk.pkt_error_ret_9
		i_ds_col_pkt_chk.pkt_error_ret_10
		i_ds_col_pkt_chk.pkt_error_ret_11
		i_ds_col_pkt_chk.pkt_error_ret_12
		i_ds_col_pkt_chk.pkt_error_ret_13
		i_ds_col_pkt_chk.pkt_error_ret_14
		i_ds_col_pkt_chk.pkt_error_ret_15
		i_ds_col_pkt_chk.pkt_error_ret_16
		i_ds_col_pkt_chk.pkt_error_ret_17
		i_ds_col_pkt_chk.pkt_error_ret_18
		i_ds_col_pkt_chk.pkt_error_ret_19
		i_ds_col_pkt_chk.pkt_error_ret_20
		i_ds_col_pkt_chk.pkt_error_ret_21
		i_ds_col_pkt_chk.pkt_error_ret_22
		i_ds_col_pkt_chk.pkt_error_ret_23
		i_ds_col_pkt_chk.pkt_error_ret_24
		i_ds_col_pkt_chk.pkt_error_ret_25
		i_ds_col_pkt_chk.pkt_error_ret_26
		i_ds_col_pkt_chk.pkt_error_ret_27
		i_ds_col_pkt_chk.pkt_error_ret_28
		i_ds_col_pkt_chk.pkt_error_ret_29
		i_ds_col_pkt_chk.pkt_error_ret_30
		i_ds_col_pkt_chk.pkt_error_ret_31
		i_ds_col_pkt_chk.pkt_error_ret_32
		i_ds_col_pkt_chk.pkt_error_ret_33
		i_ds_col_pkt_chk.pkt_error_ret_34
		i_ds_col_pkt_chk.pkt_error_ret_35
		i_ds_col_pkt_chk.pkt_error_ret_36
		i_ds_col_pkt_chk.pkt_error_ret_37
		i_ds_col_pkt_chk.pkt_error_ret_38
		i_ds_col_pkt_chk.pkt_error_ret_39
		i_ds_col_pkt_chk.pkt_error_ret_40
		i_ds_col_pkt_chk.pkt_error_ret_41
		i_ds_col_pkt_chk.pkt_error_ret_42
		i_ds_col_pkt_chk.pkt_error_ret_43
		i_ds_col_pkt_chk.pkt_error_ret_44
		i_ds_col_pkt_chk.pkt_error_ret_45
		i_ds_col_pkt_chk.pkt_error_ret_46
		i_ds_col_pkt_chk.pkt_error_ret_47
		i_ds_col_pkt_chk.pkt_error_ret_48
		i_ds_col_pkt_chk.pkt_error_ret_49
		i_ds_col_pkt_chk.pkt_error_ret_50
		i_ds_col_pkt_chk.pkt_error_ret_51
		i_ds_col_pkt_chk.pkt_error_ret_52
		i_ds_col_pkt_chk.pkt_error_ret_53
		i_ds_col_pkt_chk.pkt_error_ret_54
		i_ds_col_pkt_chk.pkt_error_ret_55
		i_ds_col_pkt_chk.pkt_error_ret_56
		i_ds_col_pkt_chk.pkt_error_ret_57
		i_ds_col_pkt_chk.pkt_error_ret_58
		i_ds_col_pkt_chk.pkt_error_ret_59
		i_ds_col_pkt_chk.pkt_error_ret_60
		i_ds_col_pkt_chk.pkt_error_ret_61
		i_ds_col_pkt_chk.pkt_error_ret_62
		i_ds_col_pkt_chk.pkt_error_ret_63
		i_ds_col_pkt_chk.pkt_error_ret_64
		i_ds_col_pkt_chk.pkt_error_ret_65
		i_ds_col_pkt_chk.pkt_error_ret_66
		i_ds_col_pkt_chk.pkt_error_ret_67
		i_ds_col_pkt_chk.pkt_error_ret_68
		i_ds_col_pkt_chk.pkt_error_ret_69
		i_ds_col_pkt_chk.pkt_error_ret_70
		i_ds_col_pkt_chk.pkt_error_ret_71
		i_ds_col_pkt_chk.pkt_error_ret_72
		i_ds_col_pkt_chk.pkt_error_ret_73
		i_ds_col_pkt_chk.pkt_error_ret_74
		i_ds_col_pkt_chk.pkt_error_ret_75
		i_ds_col_pkt_chk.pkt_error_ret_76
		i_ds_col_pkt_chk.pkt_error_ret_77
		i_ds_col_pkt_chk.pkt_error_ret_78
		i_ds_col_pkt_chk.pkt_error_ret_79
		i_ds_col_pkt_chk.pkt_error_ret_80
		i_ds_col_pkt_chk.pkt_error_ret_81
		i_ds_col_pkt_chk.pkt_error_ret_82
		i_ds_col_pkt_chk.pkt_error_ret_83
		i_ds_col_pkt_chk.pkt_error_ret_84
		i_ds_col_pkt_chk.pkt_error_ret_85
		i_ds_col_pkt_chk.pkt_error_ret_86
		i_ds_col_pkt_chk.pkt_error_ret_87
		i_ds_col_pkt_chk.pkt_error_ret_88
		i_ds_col_pkt_chk.pkt_error_ret_89
		i_ds_col_pkt_chk.pkt_error_ret_90
		i_ds_col_pkt_chk.pkt_error_ret_91
		i_ds_col_pkt_chk.pkt_error_ret_92
		i_ds_col_pkt_chk.pkt_error_ret_93
		i_ds_col_pkt_chk.pkt_error_ret_94
		i_ds_col_pkt_chk.pkt_error_ret_95
		i_ds_col_pkt_chk.pkt_error_ret_96
		i_ds_col_pkt_chk.pkt_error_ret_97
		i_ds_col_pkt_chk.pkt_error_ret_98
		i_ds_col_pkt_chk.pkt_error_ret_99
		i_ds_col_pkt_chk.pkt_error_ret_100
		i_ds_col_pkt_chk.pkt_error_ret_101
		i_ds_col_pkt_chk.pkt_error_ret_102
		i_ds_col_pkt_chk.pkt_error_ret_103
		i_ds_col_pkt_chk.pkt_error_ret_104
		i_ds_col_pkt_chk.pkt_error_ret_105
		i_ds_col_pkt_chk.pkt_error_ret_106
		i_ds_col_pkt_chk.pkt_error_ret_107
		i_ds_col_pkt_chk.pkt_error_ret_108
		i_ds_col_pkt_chk.pkt_error_ret_109
		i_ds_col_pkt_chk.total_low_carry_ret
		i_ds_col_pkt_chk.total_low_carry_ret_1
		i_ds_col_pkt_chk.total_low_carry_ret_2
		i_ds_col_pkt_chk.total_low_carry_ret_3
		i_ds_col_pkt_chk.total_low_carry_ret_4
		i_ds_row_pkt_chk.data_match_stg1_0_mod_0_ret
		i_ds_row_pkt_chk.data_match_stg1_0_mod_0_ret_1
		i_ds_row_pkt_chk.data_match_stg1_0_mod_0_ret_2
		i_ds_row_pkt_chk.data_match_stg1_0_mod_0_ret_3
		i_ds_row_pkt_chk.data_match_stg1_0_mod_3_ret
		i_ds_row_pkt_chk.data_match_stg1_0_mod_3_ret_1
		i_ds_row_pkt_chk.data_match_stg1_0_mod_3_ret_2
		i_ds_row_pkt_chk.data_match_stg1_0_mod_3_ret_3
		i_ds_row_pkt_chk.data_match_stg1_0_mod_6_ret
		i_ds_row_pkt_chk.data_match_stg1_0_mod_6_ret_1
		i_ds_row_pkt_chk.data_match_stg1_0_mod_6_ret_2
		i_ds_row_pkt_chk.data_match_stg1_0_mod_6_ret_3
		i_ds_row_pkt_chk.data_match_stg1_0_mod_8_ret
		i_ds_row_pkt_chk.data_match_stg1_0_mod_8_ret_1
		i_ds_row_pkt_chk.data_match_stg1_0_mod_8_ret_2
		i_ds_row_pkt_chk.data_match_stg1_0_mod_8_ret_3
		i_ds_row_pkt_chk.data_match_stg1_0_mod_15_ret
		i_ds_row_pkt_chk.data_match_stg1_0_mod_15_ret_1
		i_ds_row_pkt_chk.data_match_stg1_0_mod_15_ret_2
		i_ds_row_pkt_chk.data_match_stg1_0_mod_15_ret_3
		i_ds_row_pkt_chk.data_match_stg1_0_mod_15_ret_4
		i_ds_row_pkt_chk.data_match_stg1_0_mod_15_ret_5
		i_ds_row_pkt_chk.fail_low_carry_ret
		i_ds_row_pkt_chk.fail_low_carry_ret_1
		i_ds_row_pkt_chk.fail_low_carry_ret_2
		i_ds_row_pkt_chk.fail_low_carry_ret_3
		i_ds_row_pkt_chk.fail_low_carry_ret_4
		i_ds_row_pkt_chk.fail_low_carry_ret_5
		i_ds_row_pkt_chk.match_low_carry_ret
		i_ds_row_pkt_chk.match_low_carry_ret_1
		i_ds_row_pkt_chk.match_low_carry_ret_2
		i_ds_row_pkt_chk.match_low_carry_ret_3
		i_ds_row_pkt_chk.match_low_carry_ret_4
		i_ds_row_pkt_chk.match_low_carry_ret_5
		i_ds_row_pkt_chk.pkt_error_pipe_ret
		i_ds_row_pkt_chk.pkt_error_pipe_ret_1
		i_ds_row_pkt_chk.pkt_error_pipe_ret_2
		i_ds_row_pkt_chk.pkt_error_pipe_ret_3
		i_ds_row_pkt_chk.pkt_error_ret
		i_ds_row_pkt_chk.pkt_error_ret_0
		i_ds_row_pkt_chk.pkt_error_ret_4
		i_ds_row_pkt_chk.pkt_error_ret_5
		i_ds_row_pkt_chk.pkt_error_ret_6
		i_ds_row_pkt_chk.pkt_error_ret_7
		i_ds_row_pkt_chk.pkt_error_ret_8
		i_ds_row_pkt_chk.pkt_error_ret_9
		i_ds_row_pkt_chk.pkt_error_ret_10
		i_ds_row_pkt_chk.pkt_error_ret_11
		i_ds_row_pkt_chk.pkt_error_ret_12
		i_ds_row_pkt_chk.pkt_error_ret_13
		i_ds_row_pkt_chk.pkt_error_ret_14
		i_ds_row_pkt_chk.pkt_error_ret_15
		i_ds_row_pkt_chk.pkt_error_ret_16
		i_ds_row_pkt_chk.pkt_error_ret_17
		i_ds_row_pkt_chk.pkt_error_ret_18
		i_ds_row_pkt_chk.pkt_error_ret_19
		i_ds_row_pkt_chk.pkt_error_ret_20
		i_ds_row_pkt_chk.pkt_error_ret_21
		i_ds_row_pkt_chk.pkt_error_ret_22
		i_ds_row_pkt_chk.pkt_error_ret_23
		i_ds_row_pkt_chk.pkt_error_ret_24
		i_ds_row_pkt_chk.pkt_error_ret_25
		i_ds_row_pkt_chk.pkt_error_ret_26
		i_ds_row_pkt_chk.pkt_error_ret_27
		i_ds_row_pkt_chk.pkt_error_ret_28
		i_ds_row_pkt_chk.pkt_error_ret_29
		i_ds_row_pkt_chk.pkt_error_ret_30
		i_ds_row_pkt_chk.pkt_error_ret_31
		i_ds_row_pkt_chk.pkt_error_ret_32
		i_ds_row_pkt_chk.pkt_error_ret_33
		i_ds_row_pkt_chk.pkt_error_ret_34
		i_ds_row_pkt_chk.pkt_error_ret_35
		i_ds_row_pkt_chk.pkt_error_ret_36
		i_ds_row_pkt_chk.pkt_error_ret_37
		i_ds_row_pkt_chk.pkt_error_ret_38
		i_ds_row_pkt_chk.pkt_error_ret_39
		i_ds_row_pkt_chk.pkt_error_ret_40
		i_ds_row_pkt_chk.pkt_error_ret_41
		i_ds_row_pkt_chk.pkt_error_ret_42
		i_ds_row_pkt_chk.pkt_error_ret_43
		i_ds_row_pkt_chk.pkt_error_ret_44
		i_ds_row_pkt_chk.pkt_error_ret_45
		i_ds_row_pkt_chk.pkt_error_ret_46
		i_ds_row_pkt_chk.pkt_error_ret_47
		i_ds_row_pkt_chk.pkt_error_ret_48
		i_ds_row_pkt_chk.pkt_error_ret_49
		i_ds_row_pkt_chk.pkt_error_ret_50
		i_ds_row_pkt_chk.pkt_error_ret_51
		i_ds_row_pkt_chk.pkt_error_ret_52
		i_ds_row_pkt_chk.pkt_error_ret_53
		i_ds_row_pkt_chk.pkt_error_ret_54
		i_ds_row_pkt_chk.pkt_error_ret_55
		i_ds_row_pkt_chk.pkt_error_ret_56
		i_ds_row_pkt_chk.pkt_error_ret_57
		i_ds_row_pkt_chk.pkt_error_ret_58
		i_ds_row_pkt_chk.pkt_error_ret_59
		i_ds_row_pkt_chk.pkt_error_ret_60
		i_ds_row_pkt_chk.pkt_error_ret_61
		i_ds_row_pkt_chk.pkt_error_ret_62
		i_ds_row_pkt_chk.pkt_error_ret_63
		i_ds_row_pkt_chk.pkt_error_ret_64
		i_ds_row_pkt_chk.pkt_error_ret_65
		i_ds_row_pkt_chk.pkt_error_ret_66
		i_ds_row_pkt_chk.pkt_error_ret_67
		i_ds_row_pkt_chk.pkt_error_ret_68
		i_ds_row_pkt_chk.pkt_error_ret_69
		i_ds_row_pkt_chk.pkt_error_ret_70
		i_ds_row_pkt_chk.pkt_error_ret_71
		i_ds_row_pkt_chk.pkt_error_ret_72
		i_ds_row_pkt_chk.pkt_error_ret_73
		i_ds_row_pkt_chk.pkt_error_ret_74
		i_ds_row_pkt_chk.pkt_error_ret_75
		i_ds_row_pkt_chk.pkt_error_ret_76
		i_ds_row_pkt_chk.pkt_error_ret_77
		i_ds_row_pkt_chk.pkt_error_ret_78
		i_ds_row_pkt_chk.pkt_error_ret_79
		i_ds_row_pkt_chk.pkt_error_ret_80
		i_ds_row_pkt_chk.pkt_error_ret_81
		i_ds_row_pkt_chk.pkt_error_ret_82
		i_ds_row_pkt_chk.pkt_error_ret_83
		i_ds_row_pkt_chk.pkt_error_ret_84
		i_ds_row_pkt_chk.pkt_error_ret_85
		i_ds_row_pkt_chk.pkt_error_ret_86
		i_ds_row_pkt_chk.pkt_error_ret_87
		i_ds_row_pkt_chk.pkt_error_ret_88
		i_ds_row_pkt_chk.pkt_error_ret_89
		i_ds_row_pkt_chk.pkt_error_ret_90
		i_ds_row_pkt_chk.pkt_error_ret_91
		i_ds_row_pkt_chk.pkt_error_ret_92
		i_ds_row_pkt_chk.pkt_error_ret_93
		i_ds_row_pkt_chk.pkt_error_ret_94
		i_ds_row_pkt_chk.pkt_error_ret_95
		i_ds_row_pkt_chk.pkt_error_ret_96
		i_ds_row_pkt_chk.pkt_error_ret_97
		i_ds_row_pkt_chk.pkt_error_ret_98
		i_ds_row_pkt_chk.pkt_error_ret_99
		i_ds_row_pkt_chk.pkt_error_ret_100
		i_ds_row_pkt_chk.pkt_error_ret_101
		i_ds_row_pkt_chk.pkt_error_ret_102
		i_ds_row_pkt_chk.pkt_error_ret_103
		i_ds_row_pkt_chk.pkt_error_ret_104
		i_ds_row_pkt_chk.pkt_error_ret_105
		i_ds_row_pkt_chk.pkt_error_ret_106
		i_ds_row_pkt_chk.pkt_error_ret_107
		i_ds_row_pkt_chk.pkt_error_ret_109
		i_ds_row_pkt_chk.pkt_error_ret_110
		i_ds_row_pkt_chk.pkt_error_ret_111
		i_ds_row_pkt_chk.pkt_error_ret_112
		i_ds_row_pkt_chk.pkt_error_ret_113
		i_ds_row_pkt_chk.pkt_error_ret_114
		i_ds_row_pkt_chk.pkt_error_ret_115
		i_ds_row_pkt_chk.pkt_error_ret_116
		i_ds_row_pkt_chk.pkt_error_ret_117
		i_ds_row_pkt_chk.pkt_error_ret_118
		i_ds_row_pkt_chk.pkt_error_ret_119
		i_ds_row_pkt_chk.pkt_error_ret_120
		i_ds_row_pkt_chk.pkt_error_ret_121
		i_ds_row_pkt_chk.pkt_error_ret_122
		i_ds_row_pkt_chk.pkt_error_ret_123
		i_ds_row_pkt_chk.pkt_error_ret_124
		i_ds_row_pkt_chk.pkt_error_ret_125
		i_ds_row_pkt_chk.pkt_error_ret_126
		i_ds_row_pkt_chk.pkt_error_ret_127
		i_ds_row_pkt_chk.pkt_error_ret_128
		i_ds_row_pkt_chk.pkt_error_ret_129
		i_ds_row_pkt_chk.pkt_error_ret_130
		i_ds_row_pkt_chk.pkt_error_ret_131
		i_ds_row_pkt_chk.pkt_error_ret_132
		i_ds_row_pkt_chk.pkt_error_ret_133
		i_ds_row_pkt_chk.pkt_error_ret_134
		i_ds_row_pkt_chk.pkt_error_ret_135
		i_ds_row_pkt_chk.pkt_error_ret_136
		i_ds_row_pkt_chk.pkt_error_ret_137
		i_ds_row_pkt_chk.pkt_error_ret_138
		i_ds_row_pkt_chk.pkt_error_ret_139
		i_ds_row_pkt_chk.pkt_error_ret_140
		i_ds_row_pkt_chk.pkt_error_ret_141
		i_ds_row_pkt_chk.pkt_error_ret_142
		i_ds_row_pkt_chk.pkt_error_ret_143
		i_ds_row_pkt_chk.pkt_error_ret_144
		i_ds_row_pkt_chk.pkt_error_ret_145
		i_ds_row_pkt_chk.pkt_error_ret_146
		i_ds_row_pkt_chk.pkt_error_ret_147
		i_ds_row_pkt_chk.pkt_error_ret_148
		i_ds_row_pkt_chk.pkt_error_ret_149
		i_ds_row_pkt_chk.pkt_error_ret_150
		i_ds_row_pkt_chk.pkt_error_ret_151
		i_ds_row_pkt_chk.pkt_error_ret_152
		i_ds_row_pkt_chk.pkt_error_ret_153
		i_ds_row_pkt_chk.pkt_error_ret_154
		i_ds_row_pkt_chk.pkt_error_ret_155
		i_ds_row_pkt_chk.pkt_error_ret_156
		i_ds_row_pkt_chk.pkt_error_ret_157
		i_ds_row_pkt_chk.pkt_error_ret_158
		i_ds_row_pkt_chk.pkt_error_ret_159
		i_ds_row_pkt_chk.pkt_error_ret_160
		i_ds_row_pkt_chk.pkt_error_ret_161
		i_ds_row_pkt_chk.pkt_error_ret_162
		i_ds_row_pkt_chk.pkt_error_ret_163
		i_ds_row_pkt_chk.pkt_error_ret_164
		i_ds_row_pkt_chk.pkt_error_ret_165
		i_ds_row_pkt_chk.pkt_error_ret_166
		i_ds_row_pkt_chk.pkt_error_ret_167
		i_ds_row_pkt_chk.pkt_error_ret_168
		i_ds_row_pkt_chk.pkt_error_ret_169
		i_ds_row_pkt_chk.pkt_error_ret_170
		i_ds_row_pkt_chk.pkt_error_ret_171
		i_ds_row_pkt_chk.pkt_error_ret_172
		i_ds_row_pkt_chk.pkt_error_ret_173
		i_ds_row_pkt_chk.pkt_error_ret_174
		i_ds_row_pkt_chk.pkt_error_ret_175
		i_ds_row_pkt_chk.pkt_error_ret_176
		i_ds_row_pkt_chk.pkt_error_ret_177
		i_ds_row_pkt_chk.pkt_error_ret_178
		i_ds_row_pkt_chk.pkt_error_ret_179
		i_ds_row_pkt_chk.pkt_error_ret_180
		i_ds_row_pkt_chk.pkt_error_ret_181
		i_ds_row_pkt_chk.pkt_error_ret_182
		i_ds_row_pkt_chk.pkt_error_ret_183
		i_ds_row_pkt_chk.pkt_error_ret_184
		i_ds_row_pkt_chk.pkt_error_ret_185
		i_ds_row_pkt_chk.pkt_error_ret_186
		i_ds_row_pkt_chk.pkt_error_ret_187
		i_ds_row_pkt_chk.pkt_error_ret_188
		i_ds_row_pkt_chk.pkt_error_ret_189
		i_ds_row_pkt_chk.pkt_error_ret_190
		i_ds_row_pkt_chk.pkt_error_ret_191
		i_ds_row_pkt_chk.pkt_error_ret_192
		i_ds_row_pkt_chk.pkt_error_ret_193
		i_ds_row_pkt_chk.pkt_error_ret_194
		i_ds_row_pkt_chk.pkt_error_ret_195
		i_ds_row_pkt_chk.pkt_error_ret_196
		i_ds_row_pkt_chk.pkt_error_ret_197
		i_ds_row_pkt_chk.pkt_error_ret_198
		i_ds_row_pkt_chk.pkt_error_ret_199
		i_ds_row_pkt_chk.pkt_error_ret_200
		i_ds_row_pkt_chk.pkt_error_ret_201
		i_ds_row_pkt_chk.pkt_error_ret_202
		i_ds_row_pkt_chk.pkt_error_ret_203
		i_ds_row_pkt_chk.pkt_error_ret_204
		i_ds_row_pkt_chk.pkt_error_ret_205
		i_ds_row_pkt_chk.pkt_error_ret_206
		i_ds_row_pkt_chk.pkt_error_ret_207
		i_ds_row_pkt_chk.pkt_error_ret_208
		i_ds_row_pkt_chk.pkt_error_ret_209
		i_ds_row_pkt_chk.pkt_error_ret_210
		i_ds_row_pkt_chk.pkt_error_ret_211
		i_ds_row_pkt_chk.pkt_error_ret_212
		i_ds_row_pkt_chk.pkt_error_ret_213
		i_ds_row_pkt_chk.pkt_error_ret_214
		i_ds_row_pkt_chk.pkt_error_ret_215
		i_ds_row_pkt_chk.pkt_error_ret_216
		i_ds_row_pkt_chk.pkt_error_ret_217
		i_ds_row_pkt_chk.pkt_error_ret_218
		i_ds_row_pkt_chk.pkt_error_ret_219
		i_ds_row_pkt_chk.pkt_error_ret_220
		i_ds_row_pkt_chk.pkt_error_ret_221
		i_ds_row_pkt_chk.pkt_error_ret_222
		i_ds_row_pkt_chk.pkt_error_ret_223
		i_ds_row_pkt_chk.pkt_error_ret_224
		i_ds_row_pkt_chk.pkt_error_ret_225
		i_ds_row_pkt_chk.pkt_error_ret_226
		i_ds_row_pkt_chk.pkt_error_ret_227
		i_ds_row_pkt_chk.pkt_error_ret_228
		i_ds_row_pkt_chk.pkt_error_ret_229
		i_ds_row_pkt_chk.pkt_error_ret_230
		i_ds_row_pkt_chk.pkt_error_ret_231
		i_ds_row_pkt_chk.pkt_error_ret_232
		i_ds_row_pkt_chk.pkt_error_ret_233
		i_ds_row_pkt_chk.pkt_error_ret_234
		i_ds_row_pkt_chk.pkt_error_ret_235
		i_ds_row_pkt_chk.pkt_error_ret_236
		i_ds_row_pkt_chk.pkt_error_ret_237
		i_ds_row_pkt_chk.pkt_error_ret_238
		i_ds_row_pkt_chk.pkt_error_ret_239
		i_ds_row_pkt_chk.pkt_error_ret_240
		i_ds_row_pkt_chk.pkt_error_ret_241
		i_ds_row_pkt_chk.pkt_error_ret_242
		i_ds_row_pkt_chk.pkt_error_ret_243
		i_ds_row_pkt_chk.pkt_error_ret_244
		i_ds_row_pkt_chk.pkt_error_ret_245
		i_ds_row_pkt_chk.pkt_error_ret_246
		i_ds_row_pkt_chk.pkt_error_ret_247
		i_ds_row_pkt_chk.pkt_error_ret_248
		i_ds_row_pkt_chk.pkt_error_ret_249
		i_ds_row_pkt_chk.pkt_error_ret_250
		i_ds_row_pkt_chk.pkt_error_ret_251
		i_ds_row_pkt_chk.pkt_error_ret_252
		i_ds_row_pkt_chk.pkt_error_ret_253
		i_ds_row_pkt_chk.pkt_error_ret_254
		i_ds_row_pkt_chk.pkt_error_ret_255
		i_ds_row_pkt_chk.pkt_error_ret_256
		i_ds_row_pkt_chk.pkt_error_ret_257
		i_ds_row_pkt_chk.pkt_error_ret_258
		i_ds_row_pkt_chk.pkt_error_ret_259
		i_ds_row_pkt_chk.pkt_error_ret_260
		i_ds_row_pkt_chk.pkt_error_ret_261
		i_ds_row_pkt_chk.pkt_error_ret_262
		i_ds_row_pkt_chk.pkt_error_ret_263
		i_ds_row_pkt_chk.pkt_error_ret_264
		i_ds_row_pkt_chk.pkt_error_ret_265
		i_ds_row_pkt_chk.pkt_error_ret_266
		i_ds_row_pkt_chk.pkt_error_ret_267
		i_ds_row_pkt_chk.pkt_error_ret_268
		i_ds_row_pkt_chk.pkt_error_ret_269
		i_ds_row_pkt_chk.pkt_error_ret_270
		i_ds_row_pkt_chk.pkt_error_ret_271
		i_ds_row_pkt_chk.pkt_error_ret_272
		i_ds_row_pkt_chk.pkt_error_ret_273
		i_ds_row_pkt_chk.pkt_error_ret_274
		i_ds_row_pkt_chk.pkt_error_ret_275
		i_ds_row_pkt_chk.pkt_error_ret_276
		i_ds_row_pkt_chk.pkt_error_ret_277
		i_ds_row_pkt_chk.pkt_error_ret_278
		i_ds_row_pkt_chk.pkt_error_ret_279
		i_ds_row_pkt_chk.pkt_error_ret_280
		i_ds_row_pkt_chk.pkt_error_ret_281
		i_ds_row_pkt_chk.pkt_error_ret_282
		i_ds_row_pkt_chk.pkt_error_ret_283
		i_ds_row_pkt_chk.pkt_error_ret_284
		i_ds_row_pkt_chk.pkt_error_ret_285
		i_ds_row_pkt_chk.pkt_error_ret_286
		i_ds_row_pkt_chk.pkt_error_ret_287
		i_ds_row_pkt_chk.pkt_error_ret_288
		i_ds_row_pkt_chk.pkt_error_ret_289
		i_ds_row_pkt_chk.pkt_error_ret_290
		i_ds_row_pkt_chk.pkt_error_ret_291
		i_ds_row_pkt_chk.pkt_error_ret_292
		i_ds_row_pkt_chk.pkt_error_ret_293
		i_ds_row_pkt_chk.pkt_error_ret_294
		i_ds_row_pkt_chk.pkt_error_ret_295
		i_ds_row_pkt_chk.pkt_error_ret_296
		i_ds_row_pkt_chk.pkt_error_ret_297
		i_ds_row_pkt_chk.pkt_error_ret_298
		i_ds_row_pkt_chk.pkt_error_ret_299
		i_ds_row_pkt_chk.pkt_error_ret_300
		i_ds_row_pkt_chk.pkt_error_ret_301
		i_ds_row_pkt_chk.pkt_error_ret_302
		i_ds_row_pkt_chk.pkt_error_ret_303
		i_ds_row_pkt_chk.pkt_error_ret_304
		i_ds_row_pkt_chk.pkt_error_ret_305
		i_ds_row_pkt_chk.pkt_error_ret_306
		i_ds_row_pkt_chk.pkt_error_ret_307
		i_ds_row_pkt_chk.pkt_error_ret_308
		i_ds_row_pkt_chk.pkt_error_ret_309
		i_ds_row_pkt_chk.pkt_error_ret_310
		i_ds_row_pkt_chk.pkt_error_ret_311
		i_ds_row_pkt_chk.pkt_error_ret_312
		i_ds_row_pkt_chk.pkt_error_ret_313
		i_ds_row_pkt_chk.pkt_error_ret_314
		i_ds_row_pkt_chk.pkt_error_ret_315
		i_ds_row_pkt_chk.pkt_error_ret_316
		i_ds_row_pkt_chk.pkt_error_ret_317
		i_ds_row_pkt_chk.pkt_error_ret_318
		i_ds_row_pkt_chk.pkt_error_ret_319
		i_ds_row_pkt_chk.pkt_error_ret_320
		i_ds_row_pkt_chk.pkt_error_ret_321
		i_ds_row_pkt_chk.pkt_error_ret_322
		i_ds_row_pkt_chk.pkt_error_ret_323
		i_ds_row_pkt_chk.pkt_error_ret_324
		i_ds_row_pkt_chk.pkt_error_ret_325
		i_ds_row_pkt_chk.pkt_error_ret_326
		i_ds_row_pkt_chk.pkt_error_ret_327
		i_ds_row_pkt_chk.pkt_error_ret_328
		i_ds_row_pkt_chk.pkt_error_ret_329
		i_ds_row_pkt_chk.pkt_error_ret_330
		i_ds_row_pkt_chk.pkt_error_ret_331
		i_ds_row_pkt_chk.pkt_error_ret_332
		i_ds_row_pkt_chk.pkt_error_ret_333
		i_ds_row_pkt_chk.pkt_error_ret_334
		i_ds_row_pkt_chk.pkt_error_ret_335
		i_ds_row_pkt_chk.pkt_error_ret_336
		i_ds_row_pkt_chk.pkt_error_ret_337
		i_ds_row_pkt_chk.pkt_error_ret_338
		i_ds_row_pkt_chk.pkt_error_ret_339
		i_ds_row_pkt_chk.pkt_error_ret_340
		i_ds_row_pkt_chk.pkt_error_ret_341
		i_ds_row_pkt_chk.pkt_error_ret_342
		i_ds_row_pkt_chk.pkt_error_ret_343
		i_ds_row_pkt_chk.pkt_error_ret_344
		i_ds_row_pkt_chk.pkt_error_ret_345
		i_ds_row_pkt_chk.pkt_error_ret_346
		i_ds_row_pkt_chk.pkt_error_ret_347
		i_ds_row_pkt_chk.pkt_error_ret_348
		i_ds_row_pkt_chk.pkt_error_ret_349
		i_ds_row_pkt_chk.pkt_error_ret_350
		i_ds_row_pkt_chk.pkt_error_ret_351
		i_ds_row_pkt_chk.pkt_error_ret_352
		i_ds_row_pkt_chk.pkt_error_ret_353
		i_ds_row_pkt_chk.pkt_error_ret_354
		i_ds_row_pkt_chk.pkt_error_ret_355
		i_ds_row_pkt_chk.pkt_error_ret_356
		i_ds_row_pkt_chk.pkt_error_ret_357
		i_ds_row_pkt_chk.pkt_error_ret_358
		i_ds_row_pkt_chk.pkt_error_ret_359
		i_ds_row_pkt_chk.pkt_error_ret_360
		i_ds_row_pkt_chk.pkt_error_ret_361
		i_ds_row_pkt_chk.pkt_error_ret_362
		i_ds_row_pkt_chk.pkt_error_ret_363
		i_ds_row_pkt_chk.pkt_error_ret_364
		i_ds_row_pkt_chk.pkt_error_ret_365
		i_ds_row_pkt_chk.pkt_error_ret_366
		i_ds_row_pkt_chk.pkt_error_ret_367
		i_ds_row_pkt_chk.pkt_error_ret_368
		i_ds_row_pkt_chk.pkt_error_ret_369
		i_ds_row_pkt_chk.pkt_error_ret_370
		i_ds_row_pkt_chk.pkt_error_ret_371
		i_ds_row_pkt_chk.pkt_error_ret_372
		i_ds_row_pkt_chk.pkt_error_ret_373
		i_ds_row_pkt_chk.pkt_error_ret_374
		i_ds_row_pkt_chk.pkt_error_ret_375
		i_ds_row_pkt_chk.pkt_error_ret_376
		i_ds_row_pkt_chk.pkt_error_ret_377
		i_ds_row_pkt_chk.pkt_error_ret_378
		i_ds_row_pkt_chk.pkt_error_ret_379
		i_ds_row_pkt_chk.pkt_error_ret_380
		i_ds_row_pkt_chk.pkt_error_ret_381
		i_ds_row_pkt_chk.pkt_error_ret_382
		i_ds_row_pkt_chk.pkt_error_ret_383
		i_ds_row_pkt_chk.pkt_error_ret_384
		i_ds_row_pkt_chk.pkt_error_ret_385
		i_ds_row_pkt_chk.pkt_error_ret_386
		i_ds_row_pkt_chk.pkt_error_ret_387
		i_ds_row_pkt_chk.pkt_error_ret_388
		i_ds_row_pkt_chk.pkt_error_ret_389
		i_ds_row_pkt_chk.pkt_error_ret_390
		i_ds_row_pkt_chk.pkt_error_ret_391
		i_ds_row_pkt_chk.pkt_error_ret_392
		i_ds_row_pkt_chk.pkt_error_ret_393
		i_ds_row_pkt_chk.pkt_error_ret_394
		i_ds_row_pkt_chk.pkt_error_ret_395
		i_ds_row_pkt_chk.pkt_error_ret_396
		i_ds_row_pkt_chk.pkt_error_ret_397
		i_ds_row_pkt_chk.pkt_error_ret_398
		i_ds_row_pkt_chk.pkt_error_ret_399
		i_ds_row_pkt_chk.pkt_error_ret_400
		i_ds_row_pkt_chk.pkt_error_ret_401
		i_ds_row_pkt_chk.pkt_error_ret_402
		i_ds_row_pkt_chk.pkt_error_ret_403
		i_ds_row_pkt_chk.pkt_error_ret_404
		i_ds_row_pkt_chk.pkt_error_ret_405
		i_ds_row_pkt_chk.pkt_error_ret_406
		i_ds_row_pkt_chk.pkt_error_ret_407
		i_ds_row_pkt_chk.pkt_error_ret_408
		i_ds_row_pkt_chk.pkt_error_ret_409
		i_ds_row_pkt_chk.pkt_error_ret_410
		i_ds_row_pkt_chk.pkt_error_ret_411
		i_ds_row_pkt_chk.pkt_error_ret_412
		i_ds_row_pkt_chk.pkt_error_ret_413
		i_ds_row_pkt_chk.pkt_error_ret_414
		i_ds_row_pkt_chk.pkt_error_ret_415
		i_ds_row_pkt_chk.pkt_error_ret_416
		i_ds_row_pkt_chk.pkt_error_ret_417
		i_ds_row_pkt_chk.pkt_error_ret_418
		i_ds_row_pkt_chk.pkt_error_ret_419
		i_ds_row_pkt_chk.pkt_error_ret_420
		i_ds_row_pkt_chk.pkt_error_ret_421
		i_ds_row_pkt_chk.pkt_error_ret_422
		i_ds_row_pkt_chk.total_low_carry_ret
		i_ds_row_pkt_chk.total_low_carry_ret_1
		i_ds_row_pkt_chk.total_low_carry_ret_2
		i_ds_row_pkt_chk.total_low_carry_ret_3
		i_ds_row_pkt_chk.total_low_carry_ret_4
		i_ds_row_pkt_gen.data_enable_ret_0_mod[0]
		i_ds_row_pkt_gen.data_enable_ret_mod[0]
		i_ds_row_pkt_gen.gen_first_value_ret
		i_ds_row_pkt_gen.gen_first_value_ret_0
		i_ds_row_pkt_gen.gen_first_value_ret_1
		i_ds_row_pkt_gen.gen_state_ret
		i_ds_row_pkt_gen.gen_state_ret_0
		i_ds_row_pkt_gen.gen_state_ret_2
		i_ds_row_pkt_gen.gen_state_ret_3_mod[0]
		i_ds_row_pkt_gen.gen_state_ret_4
		i_ds_row_pkt_gen.if_data_stream.data_ret
		i_ds_row_pkt_gen.if_data_stream.data_ret[0]
		i_ds_row_pkt_gen.if_data_stream.data_ret[1]
		i_ds_row_pkt_gen.if_data_stream.data_ret[2]
		i_ds_row_pkt_gen.if_data_stream.data_ret[3]
		i_ds_row_pkt_gen.if_data_stream.data_ret[4]
		i_ds_row_pkt_gen.if_data_stream.data_ret[5]
		i_ds_row_pkt_gen.if_data_stream.data_ret[6]
		i_ds_row_pkt_gen.if_data_stream.data_ret[7]
		i_ds_row_pkt_gen.if_data_stream.data_ret[8]
		i_ds_row_pkt_gen.if_data_stream.data_ret[9]
		i_ds_row_pkt_gen.if_data_stream.data_ret[10]
		i_ds_row_pkt_gen.if_data_stream.data_ret[11]
		i_ds_row_pkt_gen.if_data_stream.data_ret[12]
		i_ds_row_pkt_gen.if_data_stream.data_ret[13]
		i_ds_row_pkt_gen.if_data_stream.data_ret[14]
		i_ds_row_pkt_gen.if_data_stream.data_ret[15]
		i_ds_row_pkt_gen.if_data_stream.data_ret[16]
		i_ds_row_pkt_gen.if_data_stream.data_ret[17]
		i_ds_row_pkt_gen.if_data_stream.data_ret[18]
		i_ds_row_pkt_gen.if_data_stream.data_ret[19]
		i_ds_row_pkt_gen.if_data_stream.data_ret[20]
		i_ds_row_pkt_gen.if_data_stream.data_ret[21]
		i_ds_row_pkt_gen.if_data_stream.data_ret[22]
		i_ds_row_pkt_gen.if_data_stream.data_ret[23]
		i_ds_row_pkt_gen.if_data_stream.data_ret[24]
		i_ds_row_pkt_gen.if_data_stream.data_ret[25]
		i_ds_row_pkt_gen.if_data_stream.data_ret[26]
		i_ds_row_pkt_gen.if_data_stream.data_ret[27]
		i_ds_row_pkt_gen.if_data_stream.data_ret[28]
		i_ds_row_pkt_gen.if_data_stream.data_ret[29]
		i_ds_row_pkt_gen.if_data_stream.data_ret[30]
		i_ds_row_pkt_gen.if_data_stream.data_ret[31]
		i_ds_row_pkt_gen.if_data_stream.data_ret[32]
		i_ds_row_pkt_gen.if_data_stream.data_ret[33]
		i_ds_row_pkt_gen.if_data_stream.data_ret[34]
		i_ds_row_pkt_gen.if_data_stream.data_ret[35]
		i_ds_row_pkt_gen.if_data_stream.data_ret[36]
		i_ds_row_pkt_gen.if_data_stream.data_ret[37]
		i_ds_row_pkt_gen.if_data_stream.data_ret[38]
		i_ds_row_pkt_gen.if_data_stream.data_ret[39]
		i_ds_row_pkt_gen.if_data_stream.data_ret[40]
		i_ds_row_pkt_gen.if_data_stream.data_ret[41]
		i_ds_row_pkt_gen.if_data_stream.data_ret[42]
		i_ds_row_pkt_gen.if_data_stream.data_ret[43]
		i_ds_row_pkt_gen.if_data_stream.data_ret[44]
		i_ds_row_pkt_gen.if_data_stream.data_ret[45]
		i_ds_row_pkt_gen.if_data_stream.data_ret[46]
		i_ds_row_pkt_gen.if_data_stream.data_ret[47]
		i_ds_row_pkt_gen.if_data_stream.data_ret[48]
		i_ds_row_pkt_gen.if_data_stream.data_ret[49]
		i_ds_row_pkt_gen.if_data_stream.data_ret[50]
		i_ds_row_pkt_gen.if_data_stream.data_ret[51]
		i_ds_row_pkt_gen.if_data_stream.data_ret[52]
		i_ds_row_pkt_gen.if_data_stream.data_ret[53]
		i_ds_row_pkt_gen.if_data_stream.data_ret[54]
		i_ds_row_pkt_gen.if_data_stream.data_ret[55]
		i_ds_row_pkt_gen.if_data_stream.data_ret[56]
		i_ds_row_pkt_gen.if_data_stream.data_ret[57]
		i_ds_row_pkt_gen.if_data_stream.data_ret[58]
		i_ds_row_pkt_gen.if_data_stream.data_ret[59]
		i_ds_row_pkt_gen.if_data_stream.data_ret[60]
		i_ds_row_pkt_gen.if_data_stream.data_ret[61]
		i_ds_row_pkt_gen.if_data_stream.data_ret[62]
		i_ds_row_pkt_gen.if_data_stream.data_ret[63]
		i_ds_row_pkt_gen.if_data_stream.data_ret[64]
		i_ds_row_pkt_gen.if_data_stream.data_ret[65]
		i_ds_row_pkt_gen.if_data_stream.data_ret[66]
		i_ds_row_pkt_gen.if_data_stream.data_ret[67]
		i_ds_row_pkt_gen.if_data_stream.data_ret[68]
		i_ds_row_pkt_gen.if_data_stream.data_ret[69]
		i_ds_row_pkt_gen.if_data_stream.data_ret[70]
		i_ds_row_pkt_gen.if_data_stream.data_ret[71]
		i_ds_row_pkt_gen.if_data_stream.data_ret[72]
		i_ds_row_pkt_gen.if_data_stream.data_ret[73]
		i_ds_row_pkt_gen.if_data_stream.data_ret[74]
		i_ds_row_pkt_gen.if_data_stream.data_ret[75]
		i_ds_row_pkt_gen.if_data_stream.data_ret[76]
		i_ds_row_pkt_gen.if_data_stream.data_ret[77]
		i_ds_row_pkt_gen.if_data_stream.data_ret[78]
		i_ds_row_pkt_gen.if_data_stream.data_ret[79]
		i_ds_row_pkt_gen.if_data_stream.data_ret[80]
		i_ds_row_pkt_gen.if_data_stream.data_ret[81]
		i_ds_row_pkt_gen.if_data_stream.data_ret[82]
		i_ds_row_pkt_gen.if_data_stream.data_ret[83]
		i_ds_row_pkt_gen.if_data_stream.data_ret[84]
		i_ds_row_pkt_gen.if_data_stream.data_ret[85]
		i_ds_row_pkt_gen.if_data_stream.data_ret[86]
		i_ds_row_pkt_gen.if_data_stream.data_ret[87]
		i_ds_row_pkt_gen.if_data_stream.data_ret[88]
		i_ds_row_pkt_gen.if_data_stream.data_ret[89]
		i_ds_row_pkt_gen.if_data_stream.data_ret[90]
		i_ds_row_pkt_gen.if_data_stream.data_ret[91]
		i_ds_row_pkt_gen.if_data_stream.data_ret[92]
		i_ds_row_pkt_gen.if_data_stream.data_ret[93]
		i_ds_row_pkt_gen.if_data_stream.data_ret[94]
		i_ds_row_pkt_gen.if_data_stream.data_ret[95]
		i_ds_row_pkt_gen.if_data_stream.data_ret[96]
		i_ds_row_pkt_gen.if_data_stream.data_ret[97]
		i_ds_row_pkt_gen.if_data_stream.data_ret[98]
		i_ds_row_pkt_gen.if_data_stream.data_ret[99]
		i_ds_row_pkt_gen.if_data_stream.data_ret[100]
		i_ds_row_pkt_gen.if_data_stream.data_ret[101]
		i_ds_row_pkt_gen.if_data_stream.data_ret[102]
		i_ds_row_pkt_gen.if_data_stream.data_ret[103]
		i_ds_row_pkt_gen.if_data_stream.data_ret[104]
		i_ds_row_pkt_gen.if_data_stream.data_ret[105]
		i_ds_row_pkt_gen.if_data_stream.data_ret[106]
		i_ds_row_pkt_gen.if_data_stream.data_ret[107]
		i_ds_row_pkt_gen.if_data_stream.data_ret[108]
		i_ds_row_pkt_gen.if_data_stream.data_ret[109]
		i_ds_row_pkt_gen.if_data_stream.data_ret[110]
		i_ds_row_pkt_gen.if_data_stream.data_ret[111]
		i_ds_row_pkt_gen.if_data_stream.data_ret[112]
		i_ds_row_pkt_gen.if_data_stream.data_ret[113]
		i_ds_row_pkt_gen.if_data_stream.data_ret[114]
		i_ds_row_pkt_gen.if_data_stream.data_ret[115]
		i_ds_row_pkt_gen.if_data_stream.data_ret[116]
		i_ds_row_pkt_gen.if_data_stream.data_ret[117]
		i_ds_row_pkt_gen.if_data_stream.data_ret[118]
		i_ds_row_pkt_gen.if_data_stream.data_ret[119]
		i_ds_row_pkt_gen.if_data_stream.data_ret[120]
		i_ds_row_pkt_gen.if_data_stream.data_ret[121]
		i_ds_row_pkt_gen.if_data_stream.data_ret[122]
		i_ds_row_pkt_gen.if_data_stream.data_ret[123]
		i_ds_row_pkt_gen.if_data_stream.data_ret[124]
		i_ds_row_pkt_gen.if_data_stream.data_ret[125]
		i_ds_row_pkt_gen.if_data_stream.data_ret[126]
		i_ds_row_pkt_gen.if_data_stream.data_ret[127]
		i_ds_row_pkt_gen.if_data_stream.data_ret[128]
		i_ds_row_pkt_gen.if_data_stream.data_ret[129]
		i_ds_row_pkt_gen.if_data_stream.data_ret[130]
		i_ds_row_pkt_gen.if_data_stream.data_ret[131]
		i_ds_row_pkt_gen.if_data_stream.data_ret[132]
		i_ds_row_pkt_gen.if_data_stream.data_ret[133]
		i_ds_row_pkt_gen.if_data_stream.data_ret[134]
		i_ds_row_pkt_gen.if_data_stream.data_ret[135]
		i_ds_row_pkt_gen.if_data_stream.data_ret[136]
		i_ds_row_pkt_gen.if_data_stream.data_ret[137]
		i_ds_row_pkt_gen.if_data_stream.data_ret[138]
		i_ds_row_pkt_gen.if_data_stream.data_ret[139]
		i_ds_row_pkt_gen.if_data_stream.data_ret[140]
		i_ds_row_pkt_gen.if_data_stream.data_ret[141]
		i_ds_row_pkt_gen.if_data_stream.data_ret[142]
		i_ds_row_pkt_gen.if_data_stream.data_ret[143]
		i_ds_row_pkt_gen.if_data_stream.data_ret[144]
		i_ds_row_pkt_gen.if_data_stream.data_ret[145]
		i_ds_row_pkt_gen.if_data_stream.data_ret[146]
		i_ds_row_pkt_gen.if_data_stream.data_ret[147]
		i_ds_row_pkt_gen.if_data_stream.data_ret[148]
		i_ds_row_pkt_gen.if_data_stream.data_ret[149]
		i_ds_row_pkt_gen.if_data_stream.data_ret[150]
		i_ds_row_pkt_gen.if_data_stream.data_ret[151]
		i_ds_row_pkt_gen.if_data_stream.data_ret[152]
		i_ds_row_pkt_gen.if_data_stream.data_ret[153]
		i_ds_row_pkt_gen.if_data_stream.data_ret[154]
		i_ds_row_pkt_gen.if_data_stream.data_ret[155]
		i_ds_row_pkt_gen.if_data_stream.data_ret[156]
		i_ds_row_pkt_gen.if_data_stream.data_ret[157]
		i_ds_row_pkt_gen.if_data_stream.data_ret[158]
		i_ds_row_pkt_gen.if_data_stream.data_ret[159]
		i_ds_row_pkt_gen.if_data_stream.data_ret[160]
		i_ds_row_pkt_gen.if_data_stream.data_ret[161]
		i_ds_row_pkt_gen.if_data_stream.data_ret[162]
		i_ds_row_pkt_gen.if_data_stream.data_ret[163]
		i_ds_row_pkt_gen.if_data_stream.data_ret[164]
		i_ds_row_pkt_gen.if_data_stream.data_ret[165]
		i_ds_row_pkt_gen.if_data_stream.data_ret[166]
		i_ds_row_pkt_gen.if_data_stream.data_ret[167]
		i_ds_row_pkt_gen.if_data_stream.data_ret[168]
		i_ds_row_pkt_gen.if_data_stream.data_ret[169]
		i_ds_row_pkt_gen.if_data_stream.data_ret[170]
		i_ds_row_pkt_gen.if_data_stream.data_ret[171]
		i_ds_row_pkt_gen.if_data_stream.data_ret[172]
		i_ds_row_pkt_gen.if_data_stream.data_ret[173]
		i_ds_row_pkt_gen.if_data_stream.data_ret[174]
		i_ds_row_pkt_gen.if_data_stream.data_ret[175]
		i_ds_row_pkt_gen.if_data_stream.data_ret[176]
		i_ds_row_pkt_gen.if_data_stream.data_ret[177]
		i_ds_row_pkt_gen.if_data_stream.data_ret[178]
		i_ds_row_pkt_gen.if_data_stream.data_ret[179]
		i_ds_row_pkt_gen.if_data_stream.data_ret[180]
		i_ds_row_pkt_gen.if_data_stream.data_ret[181]
		i_ds_row_pkt_gen.if_data_stream.data_ret[182]
		i_ds_row_pkt_gen.if_data_stream.data_ret[183]
		i_ds_row_pkt_gen.if_data_stream.data_ret[184]
		i_ds_row_pkt_gen.if_data_stream.data_ret[185]
		i_ds_row_pkt_gen.if_data_stream.data_ret[186]
		i_ds_row_pkt_gen.if_data_stream.data_ret[187]
		i_ds_row_pkt_gen.if_data_stream.data_ret[188]
		i_ds_row_pkt_gen.if_data_stream.data_ret[189]
		i_ds_row_pkt_gen.if_data_stream.data_ret[190]
		i_ds_row_pkt_gen.if_data_stream.data_ret[191]
		i_ds_row_pkt_gen.if_data_stream.data_ret[192]
		i_ds_row_pkt_gen.if_data_stream.data_ret[193]
		i_ds_row_pkt_gen.if_data_stream.data_ret[194]
		i_ds_row_pkt_gen.if_data_stream.data_ret[195]
		i_ds_row_pkt_gen.if_data_stream.data_ret[196]
		i_ds_row_pkt_gen.if_data_stream.data_ret[197]
		i_ds_row_pkt_gen.if_data_stream.data_ret[198]
		i_ds_row_pkt_gen.if_data_stream.data_ret[199]
		i_ds_row_pkt_gen.if_data_stream.data_ret[200]
		i_ds_row_pkt_gen.if_data_stream.data_ret[201]
		i_ds_row_pkt_gen.if_data_stream.data_ret[202]
		i_ds_row_pkt_gen.if_data_stream.data_ret[203]
		i_ds_row_pkt_gen.if_data_stream.data_ret[204]
		i_ds_row_pkt_gen.if_data_stream.data_ret[205]
		i_ds_row_pkt_gen.if_data_stream.data_ret[206]
		i_ds_row_pkt_gen.if_data_stream.data_ret[207]
		i_ds_row_pkt_gen.if_data_stream.data_ret[208]
		i_ds_row_pkt_gen.if_data_stream.data_ret[209]
		i_ds_row_pkt_gen.if_data_stream.data_ret[210]
		i_ds_row_pkt_gen.if_data_stream.data_ret[211]
		i_ds_row_pkt_gen.if_data_stream.data_ret[212]
		i_ds_row_pkt_gen.if_data_stream.data_ret[213]
		i_ds_row_pkt_gen.if_data_stream.data_ret[214]
		i_ds_row_pkt_gen.if_data_stream.data_ret[215]
		i_ds_row_pkt_gen.if_data_stream.data_ret[216]
		i_ds_row_pkt_gen.if_data_stream.data_ret[217]
		i_ds_row_pkt_gen.if_data_stream.data_ret[218]
		i_ds_row_pkt_gen.if_data_stream.data_ret[219]
		i_ds_row_pkt_gen.if_data_stream.data_ret[220]
		i_ds_row_pkt_gen.if_data_stream.data_ret[221]
		i_ds_row_pkt_gen.if_data_stream.data_ret[222]
		i_ds_row_pkt_gen.if_data_stream.data_ret[223]
		i_ds_row_pkt_gen.if_data_stream.data_ret[224]
		i_ds_row_pkt_gen.if_data_stream.data_ret[225]
		i_ds_row_pkt_gen.if_data_stream.data_ret[226]
		i_ds_row_pkt_gen.if_data_stream.data_ret[227]
		i_ds_row_pkt_gen.if_data_stream.data_ret[228]
		i_ds_row_pkt_gen.if_data_stream.data_ret[229]
		i_ds_row_pkt_gen.if_data_stream.data_ret[230]
		i_ds_row_pkt_gen.if_data_stream.data_ret[231]
		i_ds_row_pkt_gen.if_data_stream.data_ret[232]
		i_ds_row_pkt_gen.if_data_stream.data_ret[233]
		i_ds_row_pkt_gen.if_data_stream.data_ret[234]
		i_ds_row_pkt_gen.if_data_stream.data_ret[235]
		i_ds_row_pkt_gen.if_data_stream.data_ret[236]
		i_ds_row_pkt_gen.if_data_stream.data_ret[237]
		i_ds_row_pkt_gen.if_data_stream.data_ret[238]
		i_ds_row_pkt_gen.if_data_stream.data_ret[239]
		i_ds_row_pkt_gen.if_data_stream.data_ret[240]
		i_ds_row_pkt_gen.if_data_stream.data_ret[241]
		i_ds_row_pkt_gen.if_data_stream.data_ret[242]
		i_ds_row_pkt_gen.if_data_stream.data_ret[243]
		i_ds_row_pkt_gen.if_data_stream.data_ret[244]
		i_ds_row_pkt_gen.if_data_stream.data_ret[245]
		i_ds_row_pkt_gen.if_data_stream.data_ret[246]
		i_ds_row_pkt_gen.if_data_stream.data_ret[247]
		i_ds_row_pkt_gen.if_data_stream.data_ret[248]
		i_ds_row_pkt_gen.if_data_stream.data_ret[249]
		i_ds_row_pkt_gen.if_data_stream.data_ret[250]
		i_ds_row_pkt_gen.if_data_stream.data_ret[251]
		i_ds_row_pkt_gen.if_data_stream.data_ret[252]
		i_ds_row_pkt_gen.if_data_stream.data_ret[253]
		i_ds_row_pkt_gen.if_data_stream.data_ret[254]
		i_ds_row_pkt_gen.if_data_stream.data_ret[255]
		i_ds_row_pkt_gen.if_data_stream.data_ret[256]
		i_ds_row_pkt_gen.if_data_stream.data_ret[257]
		i_ds_row_pkt_gen.if_data_stream.data_ret[258]
		i_ds_row_pkt_gen.if_data_stream.data_ret[259]
		i_ds_row_pkt_gen.if_data_stream.data_ret[260]
		i_ds_row_pkt_gen.if_data_stream.data_ret[261]
		i_ds_row_pkt_gen.if_data_stream.data_ret[262]
		i_ds_row_pkt_gen.if_data_stream.data_ret[263]
		i_ds_row_pkt_gen.if_data_stream.data_ret[264]
		i_ds_row_pkt_gen.if_data_stream.data_ret[265]
		i_ds_row_pkt_gen.if_data_stream.data_ret[266]
		i_ds_row_pkt_gen.if_data_stream.data_ret[267]
		i_ds_row_pkt_gen.if_data_stream.data_ret[268]
		i_ds_row_pkt_gen.if_data_stream.data_ret[269]
		i_ds_row_pkt_gen.if_data_stream.data_ret[270]
		i_ds_row_pkt_gen.if_data_stream.data_ret[271]
		i_ds_row_pkt_gen.if_data_stream.data_ret[272]
		i_ds_row_pkt_gen.if_data_stream.data_ret[273]
		i_ds_row_pkt_gen.if_data_stream.data_ret[274]
		i_ds_row_pkt_gen.if_data_stream.data_ret[275]
		i_ds_row_pkt_gen.if_data_stream.data_ret[276]
		i_ds_row_pkt_gen.if_data_stream.data_ret[277]
		i_ds_row_pkt_gen.if_data_stream.data_ret[278]
		i_ds_row_pkt_gen.if_data_stream.data_ret[279]
		i_ds_row_pkt_gen.if_data_stream.data_ret[280]
		i_ds_row_pkt_gen.if_data_stream.data_ret[281]
		i_ds_row_pkt_gen.if_data_stream.data_ret[282]
		i_ds_row_pkt_gen.if_data_stream.data_ret[283]
		i_ds_row_pkt_gen.if_data_stream.data_ret[284]
		i_ds_row_pkt_gen.if_data_stream.data_ret[285]
		i_ds_row_pkt_gen.if_data_stream.data_ret[286]
		i_ds_row_pkt_gen.if_data_stream.data_ret[287]
		i_ds_row_pkt_gen.if_data_stream.data_ret_287[0]
		i_ds_row_pkt_gen.if_data_stream.data_ret_287[1]
		i_ds_row_pkt_gen.if_data_stream.data_ret_287[2]
		i_ds_row_pkt_gen.if_data_stream.data_ret_287[3]
		i_ds_row_pkt_gen.if_data_stream.data_ret_287[4]
		i_ds_row_pkt_gen.if_data_stream.data_ret_287[5]
		i_ds_row_pkt_gen.if_data_stream.data_ret_287[6]
		i_ds_row_pkt_gen.if_data_stream.data_ret_287[7]
		i_ds_row_pkt_gen.if_data_stream.data_ret_287[8]
		i_ds_row_pkt_gen.if_data_stream.data_ret_287[9]
		i_ds_row_pkt_gen.if_data_stream.data_ret_287[10]
		i_ds_row_pkt_gen.if_data_stream.data_ret_287[11]
		i_ds_row_pkt_gen.if_data_stream.data_ret_287[12]
		i_ds_row_pkt_gen.if_data_stream.data_ret_287[13]
		i_ds_row_pkt_gen.if_data_stream.data_ret_287[14]
		i_ds_row_pkt_gen.if_data_stream.data_ret_287[15]
		i_ds_row_pkt_gen.if_data_stream.data_ret_287[16]
		i_ds_row_pkt_gen.if_data_stream.data_ret_287[17]
		i_ds_row_pkt_gen.if_data_stream.data_ret_287[18]
		i_ds_row_pkt_gen.if_data_stream.data_ret_287[19]
		i_ds_row_pkt_gen.if_data_stream.data_ret_287[20]
		i_ds_row_pkt_gen.if_data_stream.data_ret_287[21]
		i_ds_row_pkt_gen.if_data_stream.data_ret_287[22]
		i_ds_row_pkt_gen.if_data_stream.data_ret_287[23]
		i_ds_row_pkt_gen.if_data_stream.data_ret_287[24]
		i_ds_row_pkt_gen.if_data_stream.data_ret_287[25]
		i_ds_row_pkt_gen.if_data_stream.data_ret_287[26]
		i_ds_row_pkt_gen.if_data_stream.data_ret_287[27]
		i_ds_row_pkt_gen.if_data_stream.data_ret_287[28]
		i_ds_row_pkt_gen.if_data_stream.data_ret_287[29]
		i_ds_row_pkt_gen.if_data_stream.data_ret_287[30]
		i_ds_row_pkt_gen.if_data_stream.data_ret_287[31]
		i_ds_row_pkt_gen.if_data_stream.data_ret_287[32]
		i_ds_row_pkt_gen.if_data_stream.data_ret_287[33]
		i_ds_row_pkt_gen.if_data_stream.data_ret_287[34]
		i_ds_row_pkt_gen.if_data_stream.data_ret_287[35]
		i_ds_row_pkt_gen.if_data_stream.data_ret_287[36]
		i_ds_row_pkt_gen.if_data_stream.data_ret_287[37]
		i_ds_row_pkt_gen.if_data_stream.data_ret_287[38]
		i_ds_row_pkt_gen.if_data_stream.data_ret_287[39]
		i_ds_row_pkt_gen.if_data_stream.data_ret_287[40]
		i_ds_row_pkt_gen.if_data_stream.data_ret_287[41]
		i_ds_row_pkt_gen.if_data_stream.data_ret_287[42]
		i_ds_row_pkt_gen.if_data_stream.data_ret_287[43]
		i_ds_row_pkt_gen.if_data_stream.data_ret_287[44]
		i_ds_row_pkt_gen.if_data_stream.data_ret_287[45]
		i_ds_row_pkt_gen.if_data_stream.data_ret_287[46]
		i_ds_row_pkt_gen.if_data_stream.data_ret_287[47]
		i_ds_row_pkt_gen.if_data_stream.data_ret_287[48]
		i_ds_row_pkt_gen.if_data_stream.data_ret_287[49]
		i_ds_row_pkt_gen.if_data_stream.data_ret_287[50]
		i_ds_row_pkt_gen.if_data_stream.data_ret_287[51]
		i_ds_row_pkt_gen.if_data_stream.data_ret_287[52]
		i_ds_row_pkt_gen.if_data_stream.data_ret_287[53]
		i_ds_row_pkt_gen.if_data_stream.data_ret_287[54]
		i_ds_row_pkt_gen.if_data_stream.data_ret_287[55]
		i_ds_row_pkt_gen.if_data_stream.data_ret_287[56]
		i_ds_row_pkt_gen.if_data_stream.data_ret_287[57]
		i_ds_row_pkt_gen.if_data_stream.data_ret_287[58]
		i_ds_row_pkt_gen.if_data_stream.data_ret_287[59]
		i_ds_row_pkt_gen.if_data_stream.data_ret_287[60]
		i_ds_row_pkt_gen.if_data_stream.data_ret_287[61]
		i_ds_row_pkt_gen.if_data_stream.data_ret_287[62]
		i_ds_row_pkt_gen.if_data_stream.data_ret_287[63]
		i_ds_row_pkt_gen.if_data_stream.data_ret_287[64]
		i_ds_row_pkt_gen.if_data_stream.data_ret_287[65]
		i_ds_row_pkt_gen.if_data_stream.data_ret_287[66]
		i_ds_row_pkt_gen.if_data_stream.data_ret_287[67]
		i_ds_row_pkt_gen.if_data_stream.data_ret_287[68]
		i_ds_row_pkt_gen.if_data_stream.data_ret_287[69]
		i_ds_row_pkt_gen.if_data_stream.data_ret_287[70]
		i_ds_row_pkt_gen.if_data_stream.data_ret_287[71]
		i_ds_row_pkt_gen.if_data_stream.data_ret_287[72]
		i_ds_row_pkt_gen.if_data_stream.data_ret_287[73]
		i_ds_row_pkt_gen.if_data_stream.data_ret_287[74]
		i_ds_row_pkt_gen.if_data_stream.data_ret_287[75]
		i_ds_row_pkt_gen.if_data_stream.data_ret_287[76]
		i_ds_row_pkt_gen.if_data_stream.data_ret_287[77]
		i_ds_row_pkt_gen.if_data_stream.data_ret_287[78]
		i_ds_row_pkt_gen.if_data_stream.data_ret_287[79]
		i_ds_row_pkt_gen.if_data_stream.data_ret_287[80]
		i_ds_row_pkt_gen.if_data_stream.data_ret_287[81]
		i_ds_row_pkt_gen.if_data_stream.data_ret_287[82]
		i_ds_row_pkt_gen.if_data_stream.data_ret_287[83]
		i_ds_row_pkt_gen.if_data_stream.data_ret_287[84]
		i_ds_row_pkt_gen.if_data_stream.data_ret_287[85]
		i_ds_row_pkt_gen.if_data_stream.data_ret_287[86]
		i_ds_row_pkt_gen.if_data_stream.data_ret_287[87]
		i_ds_row_pkt_gen.if_data_stream.data_ret_287[88]
		i_ds_row_pkt_gen.if_data_stream.data_ret_287[89]
		i_ds_row_pkt_gen.if_data_stream.data_ret_287[90]
		i_ds_row_pkt_gen.if_data_stream.data_ret_287[91]
		i_ds_row_pkt_gen.if_data_stream.data_ret_287[92]
		i_ds_row_pkt_gen.if_data_stream.data_ret_287[93]
		i_ds_row_pkt_gen.if_data_stream.data_ret_287[94]
		i_ds_row_pkt_gen.if_data_stream.data_ret_287[95]
		i_ds_row_pkt_gen.if_data_stream.data_ret_287[96]
		i_ds_row_pkt_gen.if_data_stream.data_ret_287[97]
		i_ds_row_pkt_gen.if_data_stream.data_ret_287[98]
		i_ds_row_pkt_gen.if_data_stream.data_ret_287[99]
		i_ds_row_pkt_gen.if_data_stream.data_ret_287[100]
		i_ds_row_pkt_gen.if_data_stream.data_ret_287[101]
		i_ds_row_pkt_gen.if_data_stream.data_ret_287[102]
		i_ds_row_pkt_gen.if_data_stream.data_ret_287[103]
		i_ds_row_pkt_gen.if_data_stream.data_ret_287[104]
		i_ds_row_pkt_gen.if_data_stream.data_ret_287[105]
		i_ds_row_pkt_gen.if_data_stream.data_ret_287[106]
		i_ds_row_pkt_gen.if_data_stream.data_ret_287[107]
		i_ds_row_pkt_gen.if_data_stream.data_ret_287[108]
		i_ds_row_pkt_gen.if_data_stream.data_ret_287[109]
		i_ds_row_pkt_gen.if_data_stream.data_ret_287[110]
		i_ds_row_pkt_gen.if_data_stream.data_ret_287[111]
		i_ds_row_pkt_gen.if_data_stream.data_ret_287[112]
		i_ds_row_pkt_gen.if_data_stream.data_ret_287[113]
		i_ds_row_pkt_gen.if_data_stream.data_ret_287[114]
		i_ds_row_pkt_gen.if_data_stream.data_ret_287[115]
		i_ds_row_pkt_gen.if_data_stream.data_ret_287[116]
		i_ds_row_pkt_gen.if_data_stream.data_ret_287[117]
		i_ds_row_pkt_gen.if_data_stream.data_ret_287[118]
		i_ds_row_pkt_gen.if_data_stream.data_ret_287[119]
		i_ds_row_pkt_gen.if_data_stream.data_ret_287[120]
		i_ds_row_pkt_gen.if_data_stream.data_ret_287[121]
		i_ds_row_pkt_gen.if_data_stream.data_ret_287[122]
		i_ds_row_pkt_gen.if_data_stream.data_ret_287[123]
		i_ds_row_pkt_gen.if_data_stream.data_ret_287[124]
		i_ds_row_pkt_gen.if_data_stream.data_ret_287[125]
		i_ds_row_pkt_gen.if_data_stream.data_ret_287[126]
		i_ds_row_pkt_gen.if_data_stream.data_ret_287[127]
		i_ds_row_pkt_gen.if_data_stream.data_ret_287[128]
		i_ds_row_pkt_gen.if_data_stream.data_ret_287[129]
		i_ds_row_pkt_gen.if_data_stream.data_ret_287[130]
		i_ds_row_pkt_gen.if_data_stream.data_ret_287[131]
		i_ds_row_pkt_gen.if_data_stream.data_ret_287[132]
		i_ds_row_pkt_gen.if_data_stream.data_ret_287[133]
		i_ds_row_pkt_gen.if_data_stream.data_ret_287[134]
		i_ds_row_pkt_gen.if_data_stream.data_ret_287[135]
		i_ds_row_pkt_gen.if_data_stream.data_ret_287[136]
		i_ds_row_pkt_gen.if_data_stream.data_ret_287[137]
		i_ds_row_pkt_gen.if_data_stream.data_ret_287[138]
		i_ds_row_pkt_gen.if_data_stream.data_ret_287[139]
		i_ds_row_pkt_gen.if_data_stream.data_ret_287[140]
		i_ds_row_pkt_gen.if_data_stream.data_ret_287[141]
		i_ds_row_pkt_gen.if_data_stream.data_ret_287[142]
		i_ds_row_pkt_gen.if_data_stream.data_ret_287[143]
		i_ds_row_pkt_gen.if_data_stream.data_ret_287[144]
		i_ds_row_pkt_gen.if_data_stream.data_ret_287[145]
		i_ds_row_pkt_gen.if_data_stream.data_ret_287[146]
		i_ds_row_pkt_gen.if_data_stream.data_ret_287[147]
		i_ds_row_pkt_gen.if_data_stream.data_ret_287[148]
		i_ds_row_pkt_gen.if_data_stream.data_ret_287[149]
		i_ds_row_pkt_gen.if_data_stream.data_ret_287[150]
		i_ds_row_pkt_gen.if_data_stream.data_ret_287[151]
		i_ds_row_pkt_gen.if_data_stream.data_ret_287[152]
		i_ds_row_pkt_gen.if_data_stream.data_ret_287[153]
		i_ds_row_pkt_gen.if_data_stream.data_ret_287[154]
		i_ds_row_pkt_gen.if_data_stream.data_ret_287[155]
		i_ds_row_pkt_gen.if_data_stream.data_ret_287[156]
		i_ds_row_pkt_gen.if_data_stream.data_ret_287[157]
		i_ds_row_pkt_gen.if_data_stream.data_ret_287[158]
		i_ds_row_pkt_gen.if_data_stream.data_ret_287[159]
		i_ds_row_pkt_gen.if_data_stream.data_ret_287[160]
		i_ds_row_pkt_gen.if_data_stream.data_ret_287[161]
		i_ds_row_pkt_gen.if_data_stream.data_ret_287[162]
		i_ds_row_pkt_gen.if_data_stream.data_ret_287[163]
		i_ds_row_pkt_gen.if_data_stream.data_ret_287[164]
		i_ds_row_pkt_gen.if_data_stream.data_ret_287[165]
		i_ds_row_pkt_gen.if_data_stream.data_ret_287[166]
		i_ds_row_pkt_gen.if_data_stream.data_ret_287[167]
		i_ds_row_pkt_gen.if_data_stream.data_ret_287[168]
		i_ds_row_pkt_gen.if_data_stream.data_ret_287[169]
		i_ds_row_pkt_gen.if_data_stream.data_ret_287[170]
		i_ds_row_pkt_gen.if_data_stream.data_ret_287[171]
		i_ds_row_pkt_gen.if_data_stream.data_ret_287[172]
		i_ds_row_pkt_gen.if_data_stream.data_ret_287[173]
		i_ds_row_pkt_gen.if_data_stream.data_ret_287[174]
		i_ds_row_pkt_gen.if_data_stream.data_ret_287[175]
		i_ds_row_pkt_gen.if_data_stream.data_ret_287[176]
		i_ds_row_pkt_gen.if_data_stream.data_ret_287[177]
		i_ds_row_pkt_gen.if_data_stream.data_ret_287[178]
		i_ds_row_pkt_gen.if_data_stream.data_ret_287[179]
		i_ds_row_pkt_gen.if_data_stream.data_ret_287[180]
		i_ds_row_pkt_gen.if_data_stream.data_ret_287[181]
		i_ds_row_pkt_gen.if_data_stream.data_ret_287[182]
		i_ds_row_pkt_gen.if_data_stream.data_ret_287[183]
		i_ds_row_pkt_gen.if_data_stream.data_ret_287[184]
		i_ds_row_pkt_gen.if_data_stream.data_ret_287[185]
		i_ds_row_pkt_gen.if_data_stream.data_ret_287[186]
		i_ds_row_pkt_gen.if_data_stream.data_ret_287[187]
		i_ds_row_pkt_gen.if_data_stream.data_ret_287[188]
		i_ds_row_pkt_gen.if_data_stream.data_ret_287[189]
		i_ds_row_pkt_gen.if_data_stream.data_ret_287[190]
		i_ds_row_pkt_gen.if_data_stream.data_ret_287[191]
		i_ds_row_pkt_gen.if_data_stream.data_ret_287[192]
		i_ds_row_pkt_gen.if_data_stream.data_ret_287[193]
		i_ds_row_pkt_gen.if_data_stream.data_ret_287[194]
		i_ds_row_pkt_gen.if_data_stream.data_ret_287[195]
		i_ds_row_pkt_gen.if_data_stream.data_ret_287[196]
		i_ds_row_pkt_gen.if_data_stream.data_ret_287[197]
		i_ds_row_pkt_gen.if_data_stream.data_ret_287[198]
		i_ds_row_pkt_gen.if_data_stream.data_ret_287[199]
		i_ds_row_pkt_gen.if_data_stream.data_ret_287[200]
		i_ds_row_pkt_gen.if_data_stream.data_ret_287[201]
		i_ds_row_pkt_gen.if_data_stream.data_ret_287[202]
		i_ds_row_pkt_gen.if_data_stream.data_ret_287[203]
		i_ds_row_pkt_gen.if_data_stream.data_ret_287[204]
		i_ds_row_pkt_gen.if_data_stream.data_ret_287[205]
		i_ds_row_pkt_gen.if_data_stream.data_ret_287[206]
		i_ds_row_pkt_gen.if_data_stream.data_ret_287[207]
		i_ds_row_pkt_gen.if_data_stream.data_ret_287[208]
		i_ds_row_pkt_gen.if_data_stream.data_ret_287[209]
		i_ds_row_pkt_gen.if_data_stream.data_ret_287[210]
		i_ds_row_pkt_gen.if_data_stream.data_ret_287[211]
		i_ds_row_pkt_gen.if_data_stream.data_ret_287[212]
		i_ds_row_pkt_gen.if_data_stream.data_ret_287[213]
		i_ds_row_pkt_gen.if_data_stream.data_ret_287[214]
		i_ds_row_pkt_gen.if_data_stream.data_ret_287[215]
		i_ds_row_pkt_gen.if_data_stream.data_ret_287[216]
		i_ds_row_pkt_gen.if_data_stream.data_ret_287[217]
		i_ds_row_pkt_gen.if_data_stream.data_ret_287[218]
		i_ds_row_pkt_gen.if_data_stream.data_ret_287[219]
		i_ds_row_pkt_gen.if_data_stream.data_ret_287[220]
		i_ds_row_pkt_gen.if_data_stream.data_ret_287[221]
		i_ds_row_pkt_gen.if_data_stream.data_ret_287[222]
		i_ds_row_pkt_gen.if_data_stream.data_ret_287[223]
		i_ds_row_pkt_gen.if_data_stream.data_ret_287[224]
		i_ds_row_pkt_gen.if_data_stream.data_ret_287[225]
		i_ds_row_pkt_gen.if_data_stream.data_ret_287[226]
		i_ds_row_pkt_gen.if_data_stream.data_ret_287[227]
		i_ds_row_pkt_gen.if_data_stream.data_ret_287[228]
		i_ds_row_pkt_gen.if_data_stream.data_ret_287[229]
		i_ds_row_pkt_gen.if_data_stream.data_ret_287[230]
		i_ds_row_pkt_gen.if_data_stream.data_ret_287[231]
		i_ds_row_pkt_gen.if_data_stream.data_ret_287[232]
		i_ds_row_pkt_gen.if_data_stream.data_ret_287[233]
		i_ds_row_pkt_gen.if_data_stream.data_ret_287[234]
		i_ds_row_pkt_gen.if_data_stream.data_ret_287[235]
		i_ds_row_pkt_gen.if_data_stream.data_ret_287[236]
		i_ds_row_pkt_gen.if_data_stream.data_ret_287[237]
		i_ds_row_pkt_gen.if_data_stream.data_ret_287[238]
		i_ds_row_pkt_gen.if_data_stream.data_ret_287[239]
		i_ds_row_pkt_gen.if_data_stream.data_ret_287[240]
		i_ds_row_pkt_gen.if_data_stream.data_ret_287[241]
		i_ds_row_pkt_gen.if_data_stream.data_ret_287[242]
		i_ds_row_pkt_gen.if_data_stream.data_ret_287[243]
		i_ds_row_pkt_gen.if_data_stream.data_ret_287[244]
		i_ds_row_pkt_gen.if_data_stream.data_ret_287[245]
		i_ds_row_pkt_gen.if_data_stream.data_ret_287[246]
		i_ds_row_pkt_gen.if_data_stream.data_ret_287[247]
		i_ds_row_pkt_gen.if_data_stream.data_ret_287[248]
		i_ds_row_pkt_gen.if_data_stream.data_ret_287[249]
		i_ds_row_pkt_gen.if_data_stream.data_ret_287[250]
		i_ds_row_pkt_gen.if_data_stream.data_ret_287[251]
		i_ds_row_pkt_gen.if_data_stream.data_ret_287[252]
		i_ds_row_pkt_gen.if_data_stream.data_ret_287[253]
		i_ds_row_pkt_gen.if_data_stream.data_ret_287[254]
		i_ds_row_pkt_gen.if_data_stream.data_ret_287[255]
		i_ds_row_pkt_gen.if_data_stream.data_ret_287[256]
		i_ds_row_pkt_gen.if_data_stream.data_ret_287[257]
		i_ds_row_pkt_gen.if_data_stream.data_ret_287[258]
		i_ds_row_pkt_gen.if_data_stream.data_ret_287[259]
		i_ds_row_pkt_gen.if_data_stream.data_ret_287[260]
		i_ds_row_pkt_gen.if_data_stream.data_ret_287[261]
		i_ds_row_pkt_gen.if_data_stream.data_ret_287[262]
		i_ds_row_pkt_gen.if_data_stream.data_ret_287[263]
		i_ds_row_pkt_gen.if_data_stream.data_ret_287[264]
		i_ds_row_pkt_gen.if_data_stream.data_ret_287[265]
		i_ds_row_pkt_gen.if_data_stream.data_ret_287[266]
		i_ds_row_pkt_gen.if_data_stream.data_ret_287[267]
		i_ds_row_pkt_gen.if_data_stream.data_ret_287[268]
		i_ds_row_pkt_gen.if_data_stream.data_ret_287[269]
		i_ds_row_pkt_gen.if_data_stream.data_ret_287[270]
		i_ds_row_pkt_gen.if_data_stream.data_ret_287[271]
		i_ds_row_pkt_gen.if_data_stream.data_ret_287[272]
		i_ds_row_pkt_gen.if_data_stream.data_ret_287[280]
		i_ds_row_pkt_gen.if_data_stream.data_ret_287[282]
		i_ds_row_pkt_gen.if_data_stream.data_ret_287[283]
		i_ds_row_pkt_gen.if_data_stream.data_ret_287[284]
		i_ds_row_pkt_gen.if_data_stream.data_ret_287[285]
		i_ds_row_pkt_gen.if_data_stream.data_ret_287[286]
		i_ds_row_pkt_gen.if_data_stream.data_ret_287[287]
		i_ds_row_pkt_gen.if_data_stream.data_ret_287_mod[0]
		i_ds_row_pkt_gen.if_data_stream.data_ret_287_mod[1]
		i_ds_row_pkt_gen.if_data_stream.data_ret_287_mod[2]
		i_ds_row_pkt_gen.if_data_stream.data_ret_287_mod[3]
		i_ds_row_pkt_gen.if_data_stream.data_ret_287_mod[4]
		i_ds_row_pkt_gen.if_data_stream.data_ret_287_mod[5]
		i_ds_row_pkt_gen.if_data_stream.data_ret_287_mod[6]
		i_ds_row_pkt_gen.if_data_stream.data_ret_287_mod[7]
		i_ds_row_pkt_gen.if_data_stream.data_ret_576
		i_ds_row_pkt_gen.if_data_stream.data_ret_577
		i_ds_row_pkt_gen.if_data_stream.data_ret_578
		i_ds_row_pkt_gen.if_data_stream.data_ret_579
		i_ds_row_pkt_gen.if_data_stream.valid_ret_0_mod[0]
		i_ds_row_pkt_gen.if_data_stream.valid_ret_2
		i_ds_row_pkt_gen.if_data_stream.valid_ret_3
		i_ds_row_pkt_gen.if_data_stream.valid_ret_4
		i_ds_row_pkt_gen.if_data_stream.valid_ret_6
		i_reg_control_block.axi_master_if.arready_ret
		i_reg_control_block.axi_master_if.arready_ret_1
		i_reg_control_block.axi_master_if.arready_ret_2
		i_reg_control_block.axi_master_if.arready_ret_3
		i_reg_control_block.axi_master_if.arready_ret_4
		i_reg_control_block.axi_master_if.bid_ret
		i_reg_control_block.axi_master_if.bid_ret[0]
		i_reg_control_block.axi_master_if.bid_ret[1]
		i_reg_control_block.axi_master_if.bid_ret[2]
		i_reg_control_block.axi_master_if.bid_ret[3]
		i_reg_control_block.axi_master_if.bid_ret[4]
		i_reg_control_block.axi_master_if.bid_ret[5]
		i_reg_control_block.axi_master_if.bid_ret[6]
		i_reg_control_block.axi_master_if.bid_ret[7]
		i_reg_control_block.axi_master_if.bid_ret_0
		i_reg_control_block.axi_master_if.bid_ret_1
		i_reg_control_block.axi_master_if.bid_ret_2
		i_reg_control_block.axi_master_if.bid_ret_7[0]
		i_reg_control_block.axi_master_if.bid_ret_7[1]
		i_reg_control_block.axi_master_if.bid_ret_7[2]
		i_reg_control_block.axi_master_if.bid_ret_7[3]
		i_reg_control_block.axi_master_if.bid_ret_7[4]
		i_reg_control_block.axi_master_if.bid_ret_7[5]
		i_reg_control_block.axi_master_if.bid_ret_7[6]
		i_reg_control_block.axi_master_if.bid_ret_7[7]
		i_reg_control_block.axi_master_if.bvalid_ret_0
		i_reg_control_block.axi_master_if.bvalid_ret_3
		i_reg_control_block.axi_master_if.bvalid_ret_6
		i_reg_control_block.axi_master_if.bvalid_ret_8
		i_reg_control_block.axi_master_if.bvalid_ret_9
		i_reg_control_block.axi_master_if.bvalid_ret_10
		i_reg_control_block.axi_master_if.bvalid_ret_11
		i_reg_control_block.axi_master_if.bvalid_ret_12
		i_reg_control_block.axi_master_if.bvalid_ret_13
		i_reg_control_block.axi_master_if.rid_ret[0]
		i_reg_control_block.axi_master_if.rid_ret[1]
		i_reg_control_block.axi_master_if.rid_ret[2]
		i_reg_control_block.axi_master_if.rid_ret[3]
		i_reg_control_block.axi_master_if.rid_ret[4]
		i_reg_control_block.axi_master_if.rid_ret[5]
		i_reg_control_block.axi_master_if.rid_ret[6]
		i_reg_control_block.axi_master_if.rid_ret[7]
		i_reg_control_block.axi_master_if.rid_ret_2
		i_reg_control_block.axi_master_if.rid_ret_7[0]
		i_reg_control_block.axi_master_if.rid_ret_7[1]
		i_reg_control_block.axi_master_if.rid_ret_7[2]
		i_reg_control_block.axi_master_if.rid_ret_7[3]
		i_reg_control_block.axi_master_if.rid_ret_7[4]
		i_reg_control_block.axi_master_if.rid_ret_7[5]
		i_reg_control_block.axi_master_if.rid_ret_7[6]
		i_reg_control_block.axi_master_if.rid_ret_7[7]
		i_reg_control_block.axi_master_if.rlast_ret_0
		i_reg_control_block.axi_master_if.rvalid_ret_1
		i_reg_control_block.axi_master_if.rvalid_ret_10
		i_reg_control_block.axi_master_if.wready_ret_0
		i_reg_control_block.axi_state_ret_1
		i_reg_control_block.axi_state_ret_2
		i_reg_control_block.axi_state_ret_10
		i_reg_control_block.axi_state_ret_11
		i_reg_control_block.axi_state_ret_12
		i_reg_control_block.axi_state_ret_13
		i_reg_control_block.axi_state_ret_14
		i_reg_control_block.axi_state_ret_15
		i_reg_control_block.axi_state_ret_17
		i_reg_control_block.axi_state_ret_18
		i_reg_control_block.axi_state_ret_24
		i_reg_control_block.axi_state_ret_26
		i_reg_control_block.axi_state_ret_33
		i_reg_control_block.axi_state_ret_38
		i_reg_control_block.axi_state_ret_45
		i_reg_control_block.gb_decode.axi_master_if.rresp_ret_2
		i_reg_control_block.gb_decode.axi_master_if.rresp_ret_3
		i_reg_control_block.gb_decode.axi_master_if.rresp_ret_4
		i_reg_control_block.gb_decode.axi_master_if.rresp_ret_5
		i_reg_control_block.gb_decode.axi_master_if.rresp_ret_6
		i_reg_control_block.gb_decode.axi_master_if.rresp_ret_7
		i_reg_control_block.gb_decode.axi_master_if.rresp_ret_8
		i_reg_control_block.gb_decode.axi_master_if.rresp_ret_9
		i_reg_control_block.gb_decode.axi_master_if.rresp_ret_10
		i_reg_control_block.gb_decode.axi_master_if.rresp_ret_11
		i_reg_control_block.gb_decode.axi_master_if.rresp_ret_12
		i_reg_control_block.gb_decode.reg_rd_data_ret
		i_reg_control_block.gb_decode.reg_rd_data_ret_0
		i_reg_control_block.gb_decode.reg_rd_data_ret_1
		i_reg_control_block.gb_decode.reg_rd_data_ret_3[0]
		i_reg_control_block.gb_decode.reg_rd_data_ret_3[1]
		i_reg_control_block.gb_decode.reg_rd_data_ret_3[2]
		i_reg_control_block.gb_decode.reg_rd_data_ret_3[3]
		i_reg_control_block.gb_decode.reg_rd_data_ret_3[4]
		i_reg_control_block.gb_decode.reg_rd_data_ret_3[5]
		i_reg_control_block.gb_decode.reg_rd_data_ret_3[6]
		i_reg_control_block.gb_decode.reg_rd_data_ret_3[7]
		i_reg_control_block.gb_decode.reg_rd_data_ret_3[8]
		i_reg_control_block.gb_decode.reg_rd_data_ret_3[9]
		i_reg_control_block.gb_decode.reg_rd_data_ret_3[10]
		i_reg_control_block.gb_decode.reg_rd_data_ret_3[11]
		i_reg_control_block.gb_decode.reg_rd_data_ret_3[12]
		i_reg_control_block.gb_decode.reg_rd_data_ret_3[13]
		i_reg_control_block.gb_decode.reg_rd_data_ret_3[14]
		i_reg_control_block.gb_decode.reg_rd_data_ret_3[15]
		i_reg_control_block.gb_decode.reg_rd_data_ret_3[16]
		i_reg_control_block.gb_decode.reg_rd_data_ret_3[17]
		i_reg_control_block.gb_decode.reg_rd_data_ret_3[18]
		i_reg_control_block.gb_decode.reg_rd_data_ret_3[19]
		i_reg_control_block.gb_decode.reg_rd_data_ret_3[20]
		i_reg_control_block.gb_decode.reg_rd_data_ret_3[21]
		i_reg_control_block.gb_decode.reg_rd_data_ret_3[22]
		i_reg_control_block.gb_decode.reg_rd_data_ret_3[23]
		i_reg_control_block.gb_decode.reg_rd_data_ret_3[24]
		i_reg_control_block.gb_decode.reg_rd_data_ret_3[25]
		i_reg_control_block.gb_decode.reg_rd_data_ret_3[26]
		i_reg_control_block.gb_decode.reg_rd_data_ret_3[27]
		i_reg_control_block.gb_decode.reg_rd_data_ret_3[28]
		i_reg_control_block.gb_decode.reg_rd_data_ret_3[29]
		i_reg_control_block.gb_decode.reg_rd_data_ret_3[30]
		i_reg_control_block.gb_decode.reg_rd_data_ret_3[31]
		i_reg_control_block.gb_decode.reg_rd_data_ret_36[0]
		i_reg_control_block.gb_decode.reg_rd_data_ret_36[1]
		i_reg_control_block.gb_decode.reg_rd_data_ret_36[2]
		i_reg_control_block.gb_decode.reg_rd_data_ret_36[3]
		i_reg_control_block.gb_decode.reg_rd_data_ret_36[4]
		i_reg_control_block.gb_decode.reg_rd_data_ret_36[5]
		i_reg_control_block.gb_decode.reg_rd_data_ret_36[6]
		i_reg_control_block.gb_decode.reg_rd_data_ret_36[7]
		i_reg_control_block.gb_decode.reg_rd_data_ret_36[8]
		i_reg_control_block.gb_decode.reg_rd_data_ret_36[9]
		i_reg_control_block.gb_decode.reg_rd_data_ret_36[10]
		i_reg_control_block.gb_decode.reg_rd_data_ret_36[11]
		i_reg_control_block.gb_decode.reg_rd_data_ret_36[12]
		i_reg_control_block.gb_decode.reg_rd_data_ret_36[13]
		i_reg_control_block.gb_decode.reg_rd_data_ret_36[14]
		i_reg_control_block.gb_decode.reg_rd_data_ret_36[15]
		i_reg_control_block.gb_decode.reg_rd_data_ret_36[16]
		i_reg_control_block.gb_decode.reg_rd_data_ret_36[17]
		i_reg_control_block.gb_decode.reg_rd_data_ret_36[18]
		i_reg_control_block.gb_decode.reg_rd_data_ret_36[19]
		i_reg_control_block.gb_decode.reg_rd_data_ret_36[20]
		i_reg_control_block.gb_decode.reg_rd_data_ret_36[21]
		i_reg_control_block.gb_decode.reg_rd_data_ret_36[22]
		i_reg_control_block.gb_decode.reg_rd_data_ret_36[23]
		i_reg_control_block.gb_decode.reg_rd_data_ret_36[24]
		i_reg_control_block.gb_decode.reg_rd_data_ret_36[25]
		i_reg_control_block.gb_decode.reg_rd_data_ret_36[26]
		i_reg_control_block.gb_decode.reg_rd_data_ret_36[27]
		i_reg_control_block.gb_decode.reg_rd_data_ret_36[28]
		i_reg_control_block.gb_decode.reg_rd_data_ret_36[29]
		i_reg_control_block.gb_decode.reg_rd_data_ret_36[30]
		i_reg_control_block.gb_decode.reg_rd_data_ret_36[31]
		i_reg_control_block.gb_decode.reg_rd_data_ret_69[0]
		i_reg_control_block.gb_decode.reg_rd_data_ret_69[1]
		i_reg_control_block.gb_decode.reg_rd_data_ret_69[2]
		i_reg_control_block.gb_decode.reg_rd_data_ret_69[3]
		i_reg_control_block.gb_decode.reg_rd_data_ret_69[4]
		i_reg_control_block.gb_decode.reg_rd_data_ret_69[5]
		i_reg_control_block.gb_decode.reg_rd_data_ret_69[6]
		i_reg_control_block.gb_decode.reg_rd_data_ret_69[7]
		i_reg_control_block.gb_decode.reg_rd_data_ret_69[8]
		i_reg_control_block.gb_decode.reg_rd_data_ret_69[9]
		i_reg_control_block.gb_decode.reg_rd_data_ret_69[10]
		i_reg_control_block.gb_decode.reg_rd_data_ret_69[11]
		i_reg_control_block.gb_decode.reg_rd_data_ret_69[12]
		i_reg_control_block.gb_decode.reg_rd_data_ret_69[13]
		i_reg_control_block.gb_decode.reg_rd_data_ret_69[14]
		i_reg_control_block.gb_decode.reg_rd_data_ret_69[15]
		i_reg_control_block.gb_decode.reg_rd_data_ret_69[16]
		i_reg_control_block.gb_decode.reg_rd_data_ret_69[17]
		i_reg_control_block.gb_decode.reg_rd_data_ret_69[18]
		i_reg_control_block.gb_decode.reg_rd_data_ret_69[19]
		i_reg_control_block.gb_decode.reg_rd_data_ret_69[20]
		i_reg_control_block.gb_decode.reg_rd_data_ret_69[21]
		i_reg_control_block.gb_decode.reg_rd_data_ret_69[22]
		i_reg_control_block.gb_decode.reg_rd_data_ret_69[23]
		i_reg_control_block.gb_decode.reg_rd_data_ret_69[24]
		i_reg_control_block.gb_decode.reg_rd_data_ret_69[25]
		i_reg_control_block.gb_decode.reg_rd_data_ret_69[26]
		i_reg_control_block.gb_decode.reg_rd_data_ret_69[27]
		i_reg_control_block.gb_decode.reg_rd_data_ret_69[28]
		i_reg_control_block.gb_decode.reg_rd_data_ret_69[29]
		i_reg_control_block.gb_decode.reg_rd_data_ret_69[30]
		i_reg_control_block.gb_decode.reg_rd_data_ret_69[31]
		i_reg_control_block.gb_decode.reg_rd_data_ret_102[0]
		i_reg_control_block.gb_decode.reg_rd_data_ret_102[1]
		i_reg_control_block.gb_decode.reg_rd_data_ret_102[2]
		i_reg_control_block.gb_decode.reg_rd_data_ret_102[3]
		i_reg_control_block.gb_decode.reg_rd_data_ret_102[4]
		i_reg_control_block.gb_decode.reg_rd_data_ret_102[5]
		i_reg_control_block.gb_decode.reg_rd_data_ret_102[6]
		i_reg_control_block.gb_decode.reg_rd_data_ret_102[7]
		i_reg_control_block.gb_decode.reg_rd_data_ret_102[8]
		i_reg_control_block.gb_decode.reg_rd_data_ret_102[9]
		i_reg_control_block.gb_decode.reg_rd_data_ret_102[10]
		i_reg_control_block.gb_decode.reg_rd_data_ret_102[11]
		i_reg_control_block.gb_decode.reg_rd_data_ret_102[12]
		i_reg_control_block.gb_decode.reg_rd_data_ret_102[13]
		i_reg_control_block.gb_decode.reg_rd_data_ret_102[14]
		i_reg_control_block.gb_decode.reg_rd_data_ret_102[15]
		i_reg_control_block.gb_decode.reg_rd_data_ret_102[16]
		i_reg_control_block.gb_decode.reg_rd_data_ret_102[17]
		i_reg_control_block.gb_decode.reg_rd_data_ret_102[18]
		i_reg_control_block.gb_decode.reg_rd_data_ret_102[19]
		i_reg_control_block.gb_decode.reg_rd_data_ret_102[20]
		i_reg_control_block.gb_decode.reg_rd_data_ret_102[21]
		i_reg_control_block.gb_decode.reg_rd_data_ret_102[22]
		i_reg_control_block.gb_decode.reg_rd_data_ret_102[23]
		i_reg_control_block.gb_decode.reg_rd_data_ret_102[24]
		i_reg_control_block.gb_decode.reg_rd_data_ret_102[25]
		i_reg_control_block.gb_decode.reg_rd_data_ret_102[26]
		i_reg_control_block.gb_decode.reg_rd_data_ret_102[27]
		i_reg_control_block.gb_decode.reg_rd_data_ret_102[28]
		i_reg_control_block.gb_decode.reg_rd_data_ret_102[29]
		i_reg_control_block.gb_decode.reg_rd_data_ret_102[30]
		i_reg_control_block.gb_decode.reg_rd_data_ret_102[31]
		i_reg_control_block.gb_decode.reg_rd_data_ret_135[0]
		i_reg_control_block.gb_decode.reg_rd_data_ret_135[1]
		i_reg_control_block.gb_decode.reg_rd_data_ret_135[2]
		i_reg_control_block.gb_decode.reg_rd_data_ret_135[3]
		i_reg_control_block.gb_decode.reg_rd_data_ret_135[4]
		i_reg_control_block.gb_decode.reg_rd_data_ret_135[5]
		i_reg_control_block.gb_decode.reg_rd_data_ret_135[6]
		i_reg_control_block.gb_decode.reg_rd_data_ret_135[7]
		i_reg_control_block.gb_decode.reg_rd_data_ret_135[8]
		i_reg_control_block.gb_decode.reg_rd_data_ret_135[9]
		i_reg_control_block.gb_decode.reg_rd_data_ret_135[10]
		i_reg_control_block.gb_decode.reg_rd_data_ret_135[11]
		i_reg_control_block.gb_decode.reg_rd_data_ret_135[12]
		i_reg_control_block.gb_decode.reg_rd_data_ret_135[13]
		i_reg_control_block.gb_decode.reg_rd_data_ret_135[14]
		i_reg_control_block.gb_decode.reg_rd_data_ret_135[15]
		i_reg_control_block.gb_decode.reg_rd_data_ret_135[16]
		i_reg_control_block.gb_decode.reg_rd_data_ret_135[17]
		i_reg_control_block.gb_decode.reg_rd_data_ret_135[18]
		i_reg_control_block.gb_decode.reg_rd_data_ret_135[19]
		i_reg_control_block.gb_decode.reg_rd_data_ret_135[20]
		i_reg_control_block.gb_decode.reg_rd_data_ret_135[21]
		i_reg_control_block.gb_decode.reg_rd_data_ret_135[22]
		i_reg_control_block.gb_decode.reg_rd_data_ret_135[23]
		i_reg_control_block.gb_decode.reg_rd_data_ret_135[24]
		i_reg_control_block.gb_decode.reg_rd_data_ret_135[25]
		i_reg_control_block.gb_decode.reg_rd_data_ret_135[26]
		i_reg_control_block.gb_decode.reg_rd_data_ret_135[27]
		i_reg_control_block.gb_decode.reg_rd_data_ret_135[28]
		i_reg_control_block.gb_decode.reg_rd_data_ret_135[29]
		i_reg_control_block.gb_decode.reg_rd_data_ret_135[30]
		i_reg_control_block.gb_decode.reg_rd_data_ret_135[31]
		i_reg_control_block.gb_decode.reg_rd_data_ret_168[0]
		i_reg_control_block.gb_decode.reg_rd_data_ret_168[1]
		i_reg_control_block.gb_decode.reg_rd_data_ret_168[2]
		i_reg_control_block.gb_decode.reg_rd_data_ret_168[3]
		i_reg_control_block.gb_decode.reg_rd_data_ret_168[4]
		i_reg_control_block.gb_decode.reg_rd_data_ret_168[5]
		i_reg_control_block.gb_decode.reg_rd_data_ret_168[6]
		i_reg_control_block.gb_decode.reg_rd_data_ret_168[7]
		i_reg_control_block.gb_decode.reg_rd_data_ret_168[8]
		i_reg_control_block.gb_decode.reg_rd_data_ret_168[9]
		i_reg_control_block.gb_decode.reg_rd_data_ret_168[10]
		i_reg_control_block.gb_decode.reg_rd_data_ret_168[11]
		i_reg_control_block.gb_decode.reg_rd_data_ret_168[12]
		i_reg_control_block.gb_decode.reg_rd_data_ret_168[13]
		i_reg_control_block.gb_decode.reg_rd_data_ret_168[14]
		i_reg_control_block.gb_decode.reg_rd_data_ret_168[15]
		i_reg_control_block.gb_decode.reg_rd_data_ret_168[16]
		i_reg_control_block.gb_decode.reg_rd_data_ret_168[17]
		i_reg_control_block.gb_decode.reg_rd_data_ret_168[18]
		i_reg_control_block.gb_decode.reg_rd_data_ret_168[19]
		i_reg_control_block.gb_decode.reg_rd_data_ret_168[20]
		i_reg_control_block.gb_decode.reg_rd_data_ret_168[21]
		i_reg_control_block.gb_decode.reg_rd_data_ret_168[22]
		i_reg_control_block.gb_decode.reg_rd_data_ret_168[23]
		i_reg_control_block.gb_decode.reg_rd_data_ret_168[24]
		i_reg_control_block.gb_decode.reg_rd_data_ret_168[25]
		i_reg_control_block.gb_decode.reg_rd_data_ret_168[26]
		i_reg_control_block.gb_decode.reg_rd_data_ret_168[27]
		i_reg_control_block.gb_decode.reg_rd_data_ret_168[28]
		i_reg_control_block.gb_decode.reg_rd_data_ret_168[29]
		i_reg_control_block.gb_decode.reg_rd_data_ret_168[30]
		i_reg_control_block.gb_decode.reg_rd_data_ret_168[31]
		i_reg_control_block.gb_decode.reg_rd_data_ret_201[0]
		i_reg_control_block.gb_decode.reg_rd_data_ret_201[1]
		i_reg_control_block.gb_decode.reg_rd_data_ret_201[2]
		i_reg_control_block.gb_decode.reg_rd_data_ret_201[3]
		i_reg_control_block.gb_decode.reg_rd_data_ret_201[4]
		i_reg_control_block.gb_decode.reg_rd_data_ret_201[5]
		i_reg_control_block.gb_decode.reg_rd_data_ret_201[6]
		i_reg_control_block.gb_decode.reg_rd_data_ret_201[7]
		i_reg_control_block.gb_decode.reg_rd_data_ret_201[8]
		i_reg_control_block.gb_decode.reg_rd_data_ret_201[9]
		i_reg_control_block.gb_decode.reg_rd_data_ret_201[10]
		i_reg_control_block.gb_decode.reg_rd_data_ret_201[11]
		i_reg_control_block.gb_decode.reg_rd_data_ret_201[12]
		i_reg_control_block.gb_decode.reg_rd_data_ret_201[13]
		i_reg_control_block.gb_decode.reg_rd_data_ret_201[14]
		i_reg_control_block.gb_decode.reg_rd_data_ret_201[15]
		i_reg_control_block.gb_decode.reg_rd_data_ret_201[16]
		i_reg_control_block.gb_decode.reg_rd_data_ret_201[17]
		i_reg_control_block.gb_decode.reg_rd_data_ret_201[18]
		i_reg_control_block.gb_decode.reg_rd_data_ret_201[19]
		i_reg_control_block.gb_decode.reg_rd_data_ret_201[20]
		i_reg_control_block.gb_decode.reg_rd_data_ret_201[21]
		i_reg_control_block.gb_decode.reg_rd_data_ret_201[22]
		i_reg_control_block.gb_decode.reg_rd_data_ret_201[23]
		i_reg_control_block.gb_decode.reg_rd_data_ret_201[24]
		i_reg_control_block.gb_decode.reg_rd_data_ret_201[25]
		i_reg_control_block.gb_decode.reg_rd_data_ret_201[26]
		i_reg_control_block.gb_decode.reg_rd_data_ret_201[27]
		i_reg_control_block.gb_decode.reg_rd_data_ret_201[28]
		i_reg_control_block.gb_decode.reg_rd_data_ret_201[29]
		i_reg_control_block.gb_decode.reg_rd_data_ret_201[30]
		i_reg_control_block.gb_decode.reg_rd_data_ret_201[31]
		i_reg_control_block.gb_decode.reg_rd_data_ret_234[0]
		i_reg_control_block.gb_decode.reg_rd_data_ret_234[1]
		i_reg_control_block.gb_decode.reg_rd_data_ret_234[2]
		i_reg_control_block.gb_decode.reg_rd_data_ret_234[3]
		i_reg_control_block.gb_decode.reg_rd_data_ret_234[4]
		i_reg_control_block.gb_decode.reg_rd_data_ret_234[5]
		i_reg_control_block.gb_decode.reg_rd_data_ret_234[6]
		i_reg_control_block.gb_decode.reg_rd_data_ret_234[7]
		i_reg_control_block.gb_decode.reg_rd_data_ret_234[8]
		i_reg_control_block.gb_decode.reg_rd_data_ret_234[9]
		i_reg_control_block.gb_decode.reg_rd_data_ret_234[10]
		i_reg_control_block.gb_decode.reg_rd_data_ret_234[11]
		i_reg_control_block.gb_decode.reg_rd_data_ret_234[12]
		i_reg_control_block.gb_decode.reg_rd_data_ret_234[13]
		i_reg_control_block.gb_decode.reg_rd_data_ret_234[14]
		i_reg_control_block.gb_decode.reg_rd_data_ret_234[15]
		i_reg_control_block.gb_decode.reg_rd_data_ret_234[16]
		i_reg_control_block.gb_decode.reg_rd_data_ret_234[17]
		i_reg_control_block.gb_decode.reg_rd_data_ret_234[18]
		i_reg_control_block.gb_decode.reg_rd_data_ret_234[19]
		i_reg_control_block.gb_decode.reg_rd_data_ret_234[20]
		i_reg_control_block.gb_decode.reg_rd_data_ret_234[21]
		i_reg_control_block.gb_decode.reg_rd_data_ret_234[22]
		i_reg_control_block.gb_decode.reg_rd_data_ret_234[23]
		i_reg_control_block.gb_decode.reg_rd_data_ret_234[24]
		i_reg_control_block.gb_decode.reg_rd_data_ret_234[25]
		i_reg_control_block.gb_decode.reg_rd_data_ret_234[26]
		i_reg_control_block.gb_decode.reg_rd_data_ret_234[27]
		i_reg_control_block.gb_decode.reg_rd_data_ret_234[28]
		i_reg_control_block.gb_decode.reg_rd_data_ret_234[29]
		i_reg_control_block.gb_decode.reg_rd_data_ret_234[30]
		i_reg_control_block.gb_decode.reg_rd_data_ret_234[31]
		i_reg_control_block.gb_decode.reg_rd_data_ret_267[0]
		i_reg_control_block.gb_decode.reg_rd_data_ret_267[1]
		i_reg_control_block.gb_decode.reg_rd_data_ret_267[2]
		i_reg_control_block.gb_decode.reg_rd_data_ret_267[3]
		i_reg_control_block.gb_decode.reg_rd_data_ret_267[4]
		i_reg_control_block.gb_decode.reg_rd_data_ret_267[5]
		i_reg_control_block.gb_decode.reg_rd_data_ret_267[8]
		i_reg_control_block.gb_decode.reg_rd_data_ret_267[9]
		i_reg_control_block.gb_decode.reg_rd_data_ret_267[10]
		i_reg_control_block.gb_decode.reg_rd_data_ret_267[11]
		i_reg_control_block.gb_decode.reg_rd_data_ret_267[12]
		i_reg_control_block.gb_decode.reg_rd_data_ret_267[13]
		i_reg_control_block.gb_decode.reg_rd_data_ret_267[14]
		i_reg_control_block.gb_decode.reg_rd_data_ret_267[15]
		i_reg_control_block.gb_decode.reg_rd_data_ret_267[16]
		i_reg_control_block.gb_decode.reg_rd_data_ret_267[17]
		i_reg_control_block.gb_decode.reg_rd_data_ret_267[18]
		i_reg_control_block.gb_decode.reg_rd_data_ret_267[19]
		i_reg_control_block.gb_decode.reg_rd_data_ret_267[20]
		i_reg_control_block.gb_decode.reg_rd_data_ret_267[21]
		i_reg_control_block.gb_decode.reg_rd_data_ret_267[22]
		i_reg_control_block.gb_decode.reg_rd_data_ret_267[23]
		i_reg_control_block.gb_decode.reg_rd_data_ret_267[24]
		i_reg_control_block.gb_decode.reg_rd_data_ret_267[25]
		i_reg_control_block.gb_decode.reg_rd_data_ret_300[0]
		i_reg_control_block.gb_decode.reg_rd_data_ret_300[1]
		i_reg_control_block.gb_decode.reg_rd_data_ret_300[2]
		i_reg_control_block.gb_decode.reg_rd_data_ret_300[3]
		i_reg_control_block.gb_decode.reg_rd_data_ret_300[4]
		i_reg_control_block.gb_decode.reg_rd_data_ret_300[5]
		i_reg_control_block.gb_decode.reg_rd_data_ret_300[6]
		i_reg_control_block.gb_decode.reg_rd_data_ret_300[7]
		i_reg_control_block.gb_decode.reg_rd_data_ret_300[8]
		i_reg_control_block.gb_decode.reg_rd_data_ret_300[9]
		i_reg_control_block.gb_decode.reg_rd_data_ret_300[10]
		i_reg_control_block.gb_decode.reg_rd_data_ret_300[11]
		i_reg_control_block.gb_decode.reg_rd_data_ret_300[12]
		i_reg_control_block.gb_decode.reg_rd_data_ret_300[13]
		i_reg_control_block.gb_decode.reg_rd_data_ret_300[14]
		i_reg_control_block.gb_decode.reg_rd_data_ret_300[15]
		i_reg_control_block.gb_decode.reg_rd_data_ret_300[16]
		i_reg_control_block.gb_decode.reg_rd_data_ret_300[17]
		i_reg_control_block.gb_decode.reg_rd_data_ret_300[18]
		i_reg_control_block.gb_decode.reg_rd_data_ret_300[19]
		i_reg_control_block.gb_decode.reg_rd_data_ret_300[20]
		i_reg_control_block.gb_decode.reg_rd_data_ret_300[21]
		i_reg_control_block.gb_decode.reg_rd_data_ret_300[22]
		i_reg_control_block.gb_decode.reg_rd_data_ret_300[23]
		i_reg_control_block.gb_decode.reg_rd_data_ret_300[24]
		i_reg_control_block.gb_decode.reg_rd_data_ret_300[25]
		i_reg_control_block.gb_decode.reg_rd_data_ret_300[26]
		i_reg_control_block.gb_decode.reg_rd_data_ret_300[27]
		i_reg_control_block.gb_decode.reg_rd_data_ret_300[28]
		i_reg_control_block.gb_decode.reg_rd_data_ret_300[29]
		i_reg_control_block.gb_decode.reg_rd_data_ret_300[30]
		i_reg_control_block.gb_decode.reg_rd_data_ret_300[31]
		i_reg_control_block.new_write_ret
		i_reg_control_block.new_write_ret_0
		i_reg_control_block.new_write_ret_1
		i_reg_control_block.new_write_ret_2
		i_reg_control_block.reg_addr_ret[0]
		i_reg_control_block.reg_addr_ret[1]
		i_reg_control_block.reg_addr_ret[2]
		i_reg_control_block.reg_addr_ret[3]
		i_reg_control_block.reg_addr_ret[4]
		i_reg_control_block.reg_addr_ret[5]
		i_reg_control_block.reg_addr_ret[6]
		i_reg_control_block.reg_addr_ret[7]
		i_reg_control_block.reg_addr_ret[8]
		i_reg_control_block.reg_addr_ret[9]
		i_reg_control_block.reg_addr_ret[10]
		i_reg_control_block.reg_addr_ret[11]
		i_reg_control_block.reg_addr_ret[12]
		i_reg_control_block.reg_addr_ret[13]
		i_reg_control_block.reg_addr_ret[14]
		i_reg_control_block.reg_addr_ret[15]
		i_reg_control_block.reg_addr_ret[16]
		i_reg_control_block.reg_addr_ret[17]
		i_reg_control_block.reg_addr_ret[18]
		i_reg_control_block.reg_addr_ret[19]
		i_reg_control_block.reg_addr_ret[20]
		i_reg_control_block.reg_addr_ret[21]
		i_reg_control_block.reg_addr_ret[22]
		i_reg_control_block.reg_addr_ret[23]
		i_reg_control_block.reg_addr_ret[24]
		i_reg_control_block.reg_addr_ret[25]
		i_reg_control_block.reg_addr_ret[26]
		i_reg_control_block.reg_addr_ret[27]
		i_reg_control_block.reg_addr_ret_27[0]
		i_reg_control_block.reg_addr_ret_27[1]
		i_reg_control_block.reg_addr_ret_27[2]
		i_reg_control_block.reg_addr_ret_27[3]
		i_reg_control_block.reg_addr_ret_27[4]
		i_reg_control_block.reg_addr_ret_27[5]
		i_reg_control_block.reg_addr_ret_27[6]
		i_reg_control_block.reg_addr_ret_27[7]
		i_reg_control_block.reg_addr_ret_27[8]
		i_reg_control_block.reg_addr_ret_27[9]
		i_reg_control_block.reg_addr_ret_27[10]
		i_reg_control_block.reg_addr_ret_27[11]
		i_reg_control_block.reg_addr_ret_27[12]
		i_reg_control_block.reg_addr_ret_27[13]
		i_reg_control_block.reg_addr_ret_27[14]
		i_reg_control_block.reg_addr_ret_27[15]
		i_reg_control_block.reg_addr_ret_27[16]
		i_reg_control_block.reg_addr_ret_27[17]
		i_reg_control_block.reg_addr_ret_27[18]
		i_reg_control_block.reg_addr_ret_27[19]
		i_reg_control_block.reg_addr_ret_27[20]
		i_reg_control_block.reg_addr_ret_27[21]
		i_reg_control_block.reg_addr_ret_27[22]
		i_reg_control_block.reg_addr_ret_27[23]
		i_reg_control_block.reg_addr_ret_27[24]
		i_reg_control_block.reg_addr_ret_27[25]
		i_reg_control_block.reg_addr_ret_27[26]
		i_reg_control_block.reg_addr_ret_27[27]
		i_reg_control_block.reg_addr_ret_55
		start_axi_d_ret_1


		#####   END RETIMING REPORT  #####

